Component: ARM Compiler 5.06 update 2 (build 183) Tool: armlink [4d35b7]

==============================================================================

Section Cross References

    main.o(.text) refers to memcmp.o(.text) for memcmp
    main.o(.text) refers to usart3.o(.text) for u3_printf
    main.o(.text) refers to stm32f10x_usart.o(.text) for USART_GetFlagStatus
    main.o(.text) refers to timer.o(.text) for Time7_Init
    main.o(.text) refers to key.o(.text) for KEY_Scan
    main.o(.text) refers to delay.o(.text) for delay_ms
    main.o(.text) refers to misc.o(.text) for NVIC_PriorityGroupConfig
    main.o(.text) refers to usart.o(.text) for uart_init
    main.o(.text) refers to led.o(.text) for LED_Init
    main.o(.text) refers to oled.o(.text) for OLED_Init
    main.o(.text) refers to mpu6050.o(.text) for MPU_Init
    main.o(.text) refers to inv_mpu.o(.text) for mpu_dmp_init
    main.o(.text) refers to ffixu.o(x$fpl$ffixu) for __aeabi_f2uiz
    main.o(.text) refers to main.o(.data) for len
    main.o(.text) refers to motor.o(.data) for increment_1
    main.o(.text) refers to usart3.o(.data) for USART2_RX_STA
    main.o(.text) refers to usart3.o(.bss) for USART2_RX_BUF
    system_stm32f10x.o(.text) refers to system_stm32f10x.o(.data) for SystemCoreClock
    led.o(.text) refers to stm32f10x_rcc.o(.text) for RCC_APB2PeriphClockCmd
    led.o(.text) refers to stm32f10x_gpio.o(.text) for GPIO_Init
    key.o(.text) refers to stm32f10x_rcc.o(.text) for RCC_APB2PeriphClockCmd
    key.o(.text) refers to stm32f10x_gpio.o(.text) for GPIO_Init
    key.o(.text) refers to delay.o(.text) for delay_ms
    key.o(.text) refers to key.o(.data) for key_up
    timer.o(.text) refers to stm32f10x_rcc.o(.text) for RCC_APB1PeriphClockCmd
    timer.o(.text) refers to stm32f10x_tim.o(.text) for TIM_TimeBaseInit
    timer.o(.text) refers to misc.o(.text) for NVIC_Init
    timer.o(.text) refers to stm32f10x_gpio.o(.text) for GPIO_Init
    timer.o(.text) refers to usart3.o(.data) for USART2_RX_STA
    oled.o(.text) refers to stm32f10x_rcc.o(.text) for RCC_APB2PeriphClockCmd
    oled.o(.text) refers to stm32f10x_gpio.o(.text) for GPIO_Init
    oled.o(.text) refers to oled.o(.bss) for OLED_GRAM
    oled.o(.text) refers to oled.o(.constdata) for asc2_1206
    oled.o(.text) refers to delay.o(.text) for delay_ms
    mpuiic.o(.text) refers to delay.o(.text) for delay_us
    mpuiic.o(.text) refers to stm32f10x_rcc.o(.text) for RCC_APB2PeriphClockCmd
    mpuiic.o(.text) refers to stm32f10x_gpio.o(.text) for GPIO_Init
    mpu6050.o(.text) refers to mpuiic.o(.text) for MPU_IIC_Start
    mpu6050.o(.text) refers to stm32f10x_rcc.o(.text) for RCC_APB2PeriphClockCmd
    mpu6050.o(.text) refers to stm32f10x_gpio.o(.text) for GPIO_Init
    mpu6050.o(.text) refers to delay.o(.text) for delay_ms
    inv_mpu.o(.text) refers to _printf_pad.o(.text) for _printf_pre_padding
    inv_mpu.o(.text) refers to _printf_percent.o(.ARM.Collect$$_printf_percent$$00000000) for _printf_percent
    inv_mpu.o(.text) refers to _printf_x.o(.ARM.Collect$$_printf_percent$$0000000C) for _printf_x
    inv_mpu.o(.text) refers to _printf_hex_int_ll_ptr.o(.text) for _printf_longlong_hex
    inv_mpu.o(.text) refers to _printf_d.o(.ARM.Collect$$_printf_percent$$00000009) for _printf_d
    inv_mpu.o(.text) refers to _printf_dec.o(.text) for _printf_int_dec
    inv_mpu.o(.text) refers to mpu6050.o(.text) for MPU_Write_Len
    inv_mpu.o(.text) refers to __2printf.o(.text) for __2printf
    inv_mpu.o(.text) refers to delay.o(.text) for delay_ms
    inv_mpu.o(.text) refers to inv_mpu.o(.data) for st
    inv_mpu.o(.text) refers to fflt_clz.o(x$fpl$ffltu) for __aeabi_ui2f
    inv_mpu.o(.text) refers to fflt_clz.o(x$fpl$fflt) for __aeabi_i2f
    inv_mpu.o(.text) refers to faddsub_clz.o(x$fpl$fsub) for __aeabi_fsub
    inv_mpu.o(.text) refers to fdiv.o(x$fpl$fdiv) for __aeabi_fdiv
    inv_mpu.o(.text) refers to faddsub_clz.o(x$fpl$fadd) for __aeabi_fadd
    inv_mpu.o(.text) refers to fmul.o(x$fpl$fmul) for __aeabi_fmul
    inv_mpu.o(.text) refers to ffix.o(x$fpl$ffix) for __aeabi_f2iz
    inv_mpu.o(.text) refers to inv_mpu.o(.conststring) for .conststring
    inv_mpu.o(.text) refers to feqf.o(x$fpl$feqf) for __aeabi_cfcmpeq
    inv_mpu.o(.text) refers to frleqf.o(x$fpl$frleqf) for __aeabi_cfrcmple
    inv_mpu.o(.text) refers to fleqf.o(x$fpl$fleqf) for __aeabi_cfcmple
    inv_mpu.o(.text) refers to inv_mpu.o(.constdata) for test
    inv_mpu.o(.text) refers to llsdiv.o(.text) for __aeabi_ldivmod
    inv_mpu.o(.text) refers to memcmp.o(.text) for memcmp
    inv_mpu.o(.text) refers to inv_mpu_dmp_motion_driver.o(.text) for dmp_set_gyro_bias
    inv_mpu.o(.text) refers to mpuiic.o(.text) for MPU_IIC_Init
    inv_mpu.o(.text) refers to f2d.o(x$fpl$f2d) for __aeabi_f2d
    inv_mpu.o(.text) refers to asin.o(i.asin) for asin
    inv_mpu.o(.text) refers to dmul.o(x$fpl$dmul) for __aeabi_dmul
    inv_mpu.o(.text) refers to d2f.o(x$fpl$d2f) for __aeabi_d2f
[...]
    NMI_Handler                              0x08000729   Thumb Code     2  stm32f10x_it.o(.text)
    HardFault_Handler                        0x0800072b   Thumb Code     4  stm32f10x_it.o(.text)
    MemManage_Handler                        0x0800072f   Thumb Code     4  stm32f10x_it.o(.text)
    BusFault_Handler                         0x08000733   Thumb Code     4  stm32f10x_it.o(.text)
    UsageFault_Handler                       0x08000737   Thumb Code     4  stm32f10x_it.o(.text)
    SVC_Handler                              0x0800073b   Thumb Code     2  stm32f10x_it.o(.text)
    DebugMon_Handler                         0x0800073d   Thumb Code     2  stm32f10x_it.o(.text)
    PendSV_Handler                           0x0800073f   Thumb Code     2  stm32f10x_it.o(.text)
    SysTick_Handler                          0x08000741   Thumb Code     2  stm32f10x_it.o(.text)
    SystemInit                               0x08000823   Thumb Code    78  system_stm32f10x.o(.text)
    SystemCoreClockUpdate                    0x08000871   Thumb Code   142  system_stm32f10x.o(.text)
    LED_Init                                 0x08000925   Thumb Code    68  led.o(.text)
    KEY_Init                                 0x08000971   Thumb Code    52  key.o(.text)
    KEY_Scan                                 0x080009a5   Thumb Code   188  key.o(.text)
    TIM3_Int_Init                            0x08000a6d   Thumb Code    86  timer.o(.text)
    TIM3_IRQHandler                          0x08000ac3   Thumb Code    38  timer.o(.text)
    TIM3_PWM_Init                            0x08000ae9   Thumb Code   220  timer.o(.text)
    Time6_Init                               0x08000bc5   Thumb Code    88  timer.o(.text)
    Time7_Init                               0x08000c1d   Thumb Code    88  timer.o(.text)
    Encoder1_Init                            0x08000c75   Thumb Code   132  timer.o(.text)
    TIM4_Set                                 0x08000cf9   Thumb Code    34  timer.o(.text)
    TIM4_IRQHandler                          0x08000d1b   Thumb Code    40  timer.o(.text)
    TIM4_Init                                0x08000d43   Thumb Code    82  timer.o(.text)
    OLED_WR_Byte                             0x08000db5   Thumb Code    80  oled.o(.text)
    OLED_Refresh_Gram                        0x08000e05   Thumb Code    70  oled.o(.text)
    OLED_Display_On                          0x08000e4b   Thumb Code    28  oled.o(.text)
    OLED_Display_Off                         0x08000e67   Thumb Code    28  oled.o(.text)
    OLED_Clear                               0x08000e83   Thumb Code    42  oled.o(.text)
    OLED_DrawPoint                           0x08000ead   Thumb Code   100  oled.o(.text)
    OLED_Fill                                0x08000f11   Thumb Code    58  oled.o(.text)
    OLED_ShowChar                            0x08000f4b   Thumb Code   254  oled.o(.text)
    mypow                                    0x08001049   Thumb Code    22  oled.o(.text)
    OLED_ShowNum                             0x0800105f   Thumb Code   148  oled.o(.text)
    OLED_ShowString                          0x080010f3   Thumb Code    94  oled.o(.text)
    OLED_Init                                0x08001151   Thumb Code   374  oled.o(.text)
    MPU_IIC_Delay                            0x080012d9   Thumb Code    10  mpuiic.o(.text)
    MPU_IIC_Init                             0x080012e3   Thumb Code    50  mpuiic.o(.text)
    MPU_IIC_Start                            0x08001315   Thumb Code    64  mpuiic.o(.text)
    MPU_IIC_Stop                             0x08001355   Thumb Code    66  mpuiic.o(.text)
    MPU_IIC_Wait_Ack                         0x08001397   Thumb Code    90  mpuiic.o(.text)
    MPU_IIC_Ack                              0x080013f1   Thumb Code    70  mpuiic.o(.text)
    MPU_IIC_NAck                             0x08001437   Thumb Code    70  mpuiic.o(.text)
    MPU_IIC_Send_Byte                        0x0800147d   Thumb Code    86  mpuiic.o(.text)
    MPU_IIC_Read_Byte                        0x080014d3   Thumb Code   100  mpuiic.o(.text)
    MPU_Write_Byte                           0x08001545   Thumb Code    68  mpu6050.o(.text)
    MPU_Set_LPF                              0x08001589   Thumb Code    58  mpu6050.o(.text)
    MPU_Set_Rate                             0x080015c3   Thumb Code    58  mpu6050.o(.text)
    MPU_Read_Byte                            0x080015fd   Thumb Code    58  mpu6050.o(.text)
    MPU_Set_Accel_Fsr                        0x08001637   Thumb Code    16  mpu6050.o(.text)
    MPU_Set_Gyro_Fsr                         0x08001647   Thumb Code    16  mpu6050.o(.text)
    MPU_Init                                 0x08001657   Thumb Code   184  mpu6050.o(.text)
    MPU_Read_Len                             0x0800170f   Thumb Code   116  mpu6050.o(.text)
    MPU_Get_Gyroscope                        0x08001783   Thumb Code    80  mpu6050.o(.text)
    MPU_Get_Accelerometer                    0x080017d3   Thumb Code    80  mpu6050.o(.text)
    MPU_Write_Len                            0x08001823   Thumb Code    96  mpu6050.o(.text)
    mpu_reg_dump                             0x0800191b   Thumb Code    84  inv_mpu.o(.text)
    mpu_read_reg                             0x0800196f   Thumb Code    66  inv_mpu.o(.text)
    mpu_set_int_latched                      0x080019b1   Thumb Code   102  inv_mpu.o(.text)
    mpu_set_sensors                          0x08001a17   Thumb Code   202  inv_mpu.o(.text)
    mpu_set_bypass                           0x08001ae1   Thumb Code   328  inv_mpu.o(.text)
    mpu_reset_fifo                           0x08001c29   Thumb Code   472  inv_mpu.o(.text)
    mpu_configure_fifo                       0x08001e01   Thumb Code   106  inv_mpu.o(.text)
    mpu_set_lpf                              0x08001e6b   Thumb Code   126  inv_mpu.o(.text)
    mpu_lp_accel_mode                        0x08001ee9   Thumb Code   218  inv_mpu.o(.text)
    mpu_set_sample_rate                      0x08001fc3   Thumb Code   152  inv_mpu.o(.text)
    mpu_set_accel_fsr                        0x0800205b   Thumb Code   132  inv_mpu.o(.text)
    mpu_set_gyro_fsr                         0x080020df   Thumb Code   132  inv_mpu.o(.text)
    mpu_init                                 0x08002163   Thumb Code   416  inv_mpu.o(.text)
    mget_ms                                  0x08002303   Thumb Code     2  inv_mpu.o(.text)
    mpu_get_gyro_reg                         0x08002305   Thumb Code   110  inv_mpu.o(.text)
    mpu_get_accel_reg                        0x08002373   Thumb Code   110  inv_mpu.o(.text)
    mpu_get_temperature                      0x080023e1   Thumb Code   150  inv_mpu.o(.text)
    mpu_set_accel_bias                       0x08002477   Thumb Code   468  inv_mpu.o(.text)
    mpu_get_gyro_fsr                         0x0800264b   Thumb Code    64  inv_mpu.o(.text)
    mpu_get_accel_fsr                        0x0800268b   Thumb Code    72  inv_mpu.o(.text)
    mpu_get_lpf                              0x080026d3   Thumb Code    74  inv_mpu.o(.text)
    mpu_get_sample_rate                      0x0800271d   Thumb Code    26  inv_mpu.o(.text)
    mpu_get_compass_sample_rate              0x08002737   Thumb Code    10  inv_mpu.o(.text)
    mpu_set_compass_sample_rate              0x08002741   Thumb Code     8  inv_mpu.o(.text)
    mpu_get_gyro_sens                        0x08002749   Thumb Code    58  inv_mpu.o(.text)
    mpu_get_accel_sens                       0x08002783   Thumb Code    78  inv_mpu.o(.text)
    mpu_get_fifo_config                      0x080027d1   Thumb Code    12  inv_mpu.o(.text)
    mpu_get_power_state                      0x080027dd   Thumb Code    22  inv_mpu.o(.text)
    mpu_get_int_status                       0x080027f3   Thumb Code    64  inv_mpu.o(.text)
    mpu_read_fifo                            0x08002833   Thumb Code   520  inv_mpu.o(.text)
    mpu_read_fifo_stream                     0x08002a3b   Thumb Code   186  inv_mpu.o(.text)
    mpu_set_int_level                        0x08002af5   Thumb Code    12  inv_mpu.o(.text)
    mpu_set_dmp_state                        0x080031d5   Thumb Code   138  inv_mpu.o(.text)
    mpu_run_self_test                        0x0800325f   Thumb Code   278  inv_mpu.o(.text)
    mpu_write_mem                            0x08003375   Thumb Code   122  inv_mpu.o(.text)
    mpu_read_mem                             0x080033ef   Thumb Code   122  inv_mpu.o(.text)
    mpu_load_firmware                        0x08003469   Thumb Code   190  inv_mpu.o(.text)
    mpu_get_dmp_state                        0x08003527   Thumb Code    14  inv_mpu.o(.text)
    setup_compass                            0x08003535   Thumb Code     6  inv_mpu.o(.text)
    mpu_get_compass_reg                      0x0800353b   Thumb Code     8  inv_mpu.o(.text)
    mpu_get_compass_fsr                      0x08003543   Thumb Code     8  inv_mpu.o(.text)
    mpu_lp_motion_interrupt                  0x0800354b   Thumb Code   512  inv_mpu.o(.text)
    run_self_test                            0x0800374b   Thumb Code   148  inv_mpu.o(.text)
    inv_row_2_scale                          0x080037df   Thumb Code    78  inv_mpu.o(.text)
    inv_orientation_matrix_to_scalar         0x0800382d   Thumb Code    40  inv_mpu.o(.text)
    mpu_dmp_init                             0x08003855   Thumb Code   154  inv_mpu.o(.text)
    mpu_dmp_get_data                         0x080038ef   Thumb Code   540  inv_mpu.o(.text)
    dmp_load_motion_driver_firmware          0x08003b1d   Thumb Code    20  inv_mpu_dmp_motion_driver.o(.text)
    dmp_set_orientation                      0x08003b31   Thumb Code   290  inv_mpu_dmp_motion_driver.o(.text)
    dmp_set_gyro_bias                        0x08003c53   Thumb Code   294  inv_mpu_dmp_motion_driver.o(.text)
    dmp_set_accel_bias                       0x08003d79   Thumb Code   300  inv_mpu_dmp_motion_driver.o(.text)
    dmp_set_fifo_rate                        0x08003ea5   Thumb Code   136  inv_mpu_dmp_motion_driver.o(.text)
    dmp_get_fifo_rate                        0x08003f2d   Thumb Code    12  inv_mpu_dmp_motion_driver.o(.text)
    dmp_set_tap_thresh                       0x08003f39   Thumb Code   396  inv_mpu_dmp_motion_driver.o(.text)
    dmp_set_tap_axes                         0x080040c5   Thumb Code    70  inv_mpu_dmp_motion_driver.o(.text)
    dmp_set_tap_count                        0x0800410b   Thumb Code    38  inv_mpu_dmp_motion_driver.o(.text)
    dmp_set_tap_time                         0x08004131   Thumb Code    38  inv_mpu_dmp_motion_driver.o(.text)
    dmp_set_tap_time_multi                   0x08004157   Thumb Code    38  inv_mpu_dmp_motion_driver.o(.text)
    dmp_set_shake_reject_thresh              0x0800417d   Thumb Code    56  inv_mpu_dmp_motion_driver.o(.text)
    dmp_set_shake_reject_time                0x080041b5   Thumb Code    38  inv_mpu_dmp_motion_driver.o(.text)
    dmp_set_shake_reject_timeout             0x080041db   Thumb Code    38  inv_mpu_dmp_motion_driver.o(.text)
    dmp_get_pedometer_step_count             0x08004201   Thumb Code    66  inv_mpu_dmp_motion_driver.o(.text)
    dmp_set_pedometer_step_count             0x08004243   Thumb Code    42  inv_mpu_dmp_motion_driver.o(.text)
    dmp_get_pedometer_walk_time              0x0800426d   Thumb Code    72  inv_mpu_dmp_motion_driver.o(.text)
    dmp_set_pedometer_walk_time              0x080042b5   Thumb Code    48  inv_mpu_dmp_motion_driver.o(.text)
    dmp_enable_6x_lp_quat                    0x080042e5   Thumb Code    84  inv_mpu_dmp_motion_driver.o(.text)
    dmp_enable_lp_quat                       0x08004339   Thumb Code    60  inv_mpu_dmp_motion_driver.o(.text)
    dmp_enable_gyro_cal                      0x08004375   Thumb Code    62  inv_mpu_dmp_motion_driver.o(.text)
    dmp_enable_feature                       0x080043b3   Thumb Code   530  inv_mpu_dmp_motion_driver.o(.text)
    dmp_get_enabled_features                 0x080045c5   Thumb Code    12  inv_mpu_dmp_motion_driver.o(.text)
    dmp_set_interrupt_mode                   0x0800462f   Thumb Code    66  inv_mpu_dmp_motion_driver.o(.text)
    dmp_read_fifo                            0x08004671   Thumb Code   514  inv_mpu_dmp_motion_driver.o(.text)
    dmp_register_tap_cb                      0x08004873   Thumb Code    10  inv_mpu_dmp_motion_driver.o(.text)
    dmp_register_android_orient_cb           0x0800487d   Thumb Code    10  inv_mpu_dmp_motion_driver.o(.text)
    myabs                                    0x0800488d   Thumb Code    26  motor.o(.text)
    desplay                                  0x080048a7   Thumb Code   104  motor.o(.text)
    run                                      0x0800490f   Thumb Code   170  motor.o(.text)
    DC_balance                               0x080049b9   Thumb Code   206  motor.o(.text)
    TIM6_IRQHandler                          0x08004a87   Thumb Code    64  motor.o(.text)
    TIM7_IRQHandler                          0x08004ac7   Thumb Code    36  motor.o(.text)
    TIM2_IRQHandler                          0x08004aeb   Thumb Code    40  motor.o(.text)
    USART2_IRQHandler                        0x08004b65   Thumb Code    94  usart3.o(.text)
    UART_DMA_Config                          0x08004bc3   Thumb Code    72  usart3.o(.text)
    USART2_Init                              0x08004c0b   Thumb Code   206  usart3.o(.text)
    UART_DMA_Enable                          0x08004cd9   Thumb Code    32  usart3.o(.text)
    u3_printf                                0x08004cf9   Thumb Code    56  usart3.o(.text)
    delay_init                               0x08004d4d   Thumb Code    50  delay.o(.text)
    delay_us                                 0x08004d7f   Thumb Code    72  delay.o(.text)
    delay_ms                                 0x08004dc7   Thumb Code    72  delay.o(.text)
    _sys_exit                                0x08004e21   Thumb Code     6  usart.o(.text)
    fputc                                    0x08004e27   Thumb Code    24  usart.o(.text)
    uart_init                                0x08004e3f   Thumb Code   152  usart.o(.text)
    USART1_IRQHandler                        0x08004ed7   Thumb Code   122  usart.o(.text)
    Reset_Handler                            0x08004f61   Thumb Code     8  startup_stm32f10x_hd.o(.text)
    ADC1_2_IRQHandler                        0x08004f7b   Thumb Code     0  startup_stm32f10x_hd.o(.text)
    ADC3_IRQHandler                          0x08004f7b   Thumb Code     0  startup_stm32f10x_hd.o(.text)
    CAN1_RX1_IRQHandler                      0x08004f7b   Thumb Code     0  startup_stm32f10x_hd.o(.text)
    CAN1_SCE_IRQHandler                      0x08004f7b   Thumb Code     0  startup_stm32f10x_hd.o(.text)
    DMA1_Channel1_IRQHandler                 0x08004f7b   Thumb Code     0  startup_stm32f10x_hd.o(.text)
    DMA1_Channel2_IRQHandler                 0x08004f7b   Thumb Code     0  startup_stm32f10x_hd.o(.text)
    DMA1_Channel3_IRQHandler                 0x08004f7b   Thumb Code     0  startup_stm32f10x_hd.o(.text)
    DMA1_Channel4_IRQHandler                 0x08004f7b   Thumb Code     0  startup_stm32f10x_hd.o(.text)
    DMA1_Channel5_IRQHandler                 0x08004f7b   Thumb Code     0  startup_stm32f10x_hd.o(.text)
    DMA1_Channel6_IRQHandler                 0x08004f7b   Thumb Code     0  startup_stm32f10x_hd.o(.text)
    DMA1_Channel7_IRQHandler                 0x08004f7b   Thumb Code     0  startup_stm32f10x_hd.o(.text)
    DMA2_Channel1_IRQHandler                 0x08004f7b   Thumb Code     0  startup_stm32f10x_hd.o(.text)
    DMA2_Channel2_IRQHandler                 0x08004f7b   Thumb Code     0  startup_stm32f10x_hd.o(.text)
    DMA2_Channel3_IRQHandler                 0x08004f7b   Thumb Code     0  startup_stm32f10x_hd.o(.text)
    DMA2_Channel4_5_IRQHandler               0x08004f7b   Thumb Code     0  startup_stm32f10x_hd.o(.text)
    EXTI0_IRQHandler                         0x08004f7b   Thumb Code     0  startup_stm32f10x_hd.o(.text)
    EXTI15_10_IRQHandler                     0x08004f7b   Thumb Code     0  startup_stm32f10x_hd.o(.text)
    EXTI1_IRQHandler                         0x08004f7b   Thumb Code     0  startup_stm32f10x_hd.o(.text)
    EXTI2_IRQHandler                         0x08004f7b   Thumb Code     0  startup_stm32f10x_hd.o(.text)
    EXTI3_IRQHandler                         0x08004f7b   Thumb Code     0  startup_stm32f10x_hd.o(.text)
    EXTI4_IRQHandler                         0x08004f7b   Thumb Code     0  startup_stm32f10x_hd.o(.text)
    EXTI9_5_IRQHandler                       0x08004f7b   Thumb Code     0  startup_stm32f10x_hd.o(.text)
    FLASH_IRQHandler                         0x08004f7b   Thumb Code     0  startup_stm32f10x_hd.o(.text)
    FSMC_IRQHandler                          0x08004f7b   Thumb Code     0  startup_stm32f10x_hd.o(.text)
    I2C1_ER_IRQHandler                       0x08004f7b   Thumb Code     0  startup_stm32f10x_hd.o(.text)
    I2C1_EV_IRQHandler                       0x08004f7b   Thumb Code     0  startup_stm32f10x_hd.o(.text)
    I2C2_ER_IRQHandler                       0x08004f7b   Thumb Code     0  startup_stm32f10x_hd.o(.text)
    I2C2_EV_IRQHandler                       0x08004f7b   Thumb Code     0  startup_stm32f10x_hd.o(.text)
    PVD_IRQHandler                           0x08004f7b   Thumb Code     0  startup_stm32f10x_hd.o(.text)
    RCC_IRQHandler                           0x08004f7b   Thumb Code     0  startup_stm32f10x_hd.o(.text)
    RTCAlarm_IRQHandler                      0x08004f7b   Thumb Code     0  startup_stm32f10x_hd.o(.text)
    RTC_IRQHandler                           0x08004f7b   Thumb Code     0  startup_stm32f10x_hd.o(.text)
    SDIO_IRQHandler                          0x08004f7b   Thumb Code     0  startup_stm32f10x_hd.o(.text)
    SPI1_IRQHandler                          0x08004f7b   Thumb Code     0  startup_stm32f10x_hd.o(.text)
    SPI2_IRQHandler                          0x08004f7b   Thumb Code     0  startup_stm32f10x_hd.o(.text)
    SPI3_IRQHandler                          0x08004f7b   Thumb Code     0  startup_stm32f10x_hd.o(.text)
    TAMPER_IRQHandler                        0x08004f7b   Thumb Code     0  startup_stm32f10x_hd.o(.text)
    TIM1_BRK_IRQHandler                      0x08004f7b   Thumb Code     0  startup_stm32f10x_hd.o(.text)
    TIM1_CC_IRQHandler                       0x08004f7b   Thumb Code     0  startup_stm32f10x_hd.o(.text)
    TIM1_TRG_COM_IRQHandler                  0x08004f7b   Thumb Code     0  startup_stm32f10x_hd.o(.text)
    TIM1_UP_IRQHandler                       0x08004f7b   Thumb Code     0  startup_stm32f10x_hd.o(.text)
    TIM5_IRQHandler                          0x08004f7b   Thumb Code     0  startup_stm32f10x_hd.o(.text)
    TIM8_BRK_IRQHandler                      0x08004f7b   Thumb Code     0  startup_stm32f10x_hd.o(.text)
    TIM8_CC_IRQHandler                       0x08004f7b   Thumb Code     0  startup_stm32f10x_hd.o(.text)
    TIM8_TRG_COM_IRQHandler                  0x08004f7b   Thumb Code     0  startup_stm32f10x_hd.o(.text)
    TIM8_UP_IRQHandler                       0x08004f7b   Thumb Code     0  startup_stm32f10x_hd.o(.text)
    UART4_IRQHandler                         0x08004f7b   Thumb Code     0  startup_stm32f10x_hd.o(.text)
    UART5_IRQHandler                         0x08004f7b   Thumb Code     0  startup_stm32f10x_hd.o(.text)
    USART3_IRQHandler                        0x08004f7b   Thumb Code     0  startup_stm32f10x_hd.o(.text)
    USBWakeUp_IRQHandler                     0x08004f7b   Thumb Code     0  startup_stm32f10x_hd.o(.text)
    USB_HP_CAN1_TX_IRQHandler                0x08004f7b   Thumb Code     0  startup_stm32f10x_hd.o(.text)
    USB_LP_CAN1_RX0_IRQHandler               0x08004f7b   Thumb Code     0  startup_stm32f10x_hd.o(.text)
    WWDG_IRQHandler                          0x08004f7b   Thumb Code     0  startup_stm32f10x_hd.o(.text)
    __user_initial_stackheap                 0x08004f7d   Thumb Code     0  startup_stm32f10x_hd.o(.text)
    NVIC_PriorityGroupConfig                 0x08004fa1   Thumb Code    10  misc.o(.text)
    NVIC_Init                                0x08004fab   Thumb Code   100  misc.o(.text)
    NVIC_SetVectorTable                      0x0800500f   Thumb Code    14  misc.o(.text)
    NVIC_SystemLPConfig                      0x0800501d   Thumb Code    34  misc.o(.text)
    SysTick_CLKSourceConfig                  0x0800503f   Thumb Code    40  misc.o(.text)
    GPIO_DeInit                              0x0800507d   Thumb Code   172  stm32f10x_gpio.o(.text)
    GPIO_AFIODeInit                          0x08005129   Thumb Code    20  stm32f10x_gpio.o(.text)
    GPIO_Init                                0x0800513d   Thumb Code   278  stm32f10x_gpio.o(.text)
    GPIO_StructInit                          0x08005253   Thumb Code    16  stm32f10x_gpio.o(.text)
    GPIO_ReadInputDataBit                    0x08005263   Thumb Code    18  stm32f10x_gpio.o(.text)
    GPIO_ReadInputData                       0x08005275   Thumb Code     8  stm32f10x_gpio.o(.text)
    GPIO_ReadOutputDataBit                   0x0800527d   Thumb Code    18  stm32f10x_gpio.o(.text)
    GPIO_ReadOutputData                      0x0800528f   Thumb Code     8  stm32f10x_gpio.o(.text)
    GPIO_SetBits                             0x08005297   Thumb Code     4  stm32f10x_gpio.o(.text)
    GPIO_ResetBits                           0x0800529b   Thumb Code     4  stm32f10x_gpio.o(.text)
    GPIO_WriteBit                            0x0800529f   Thumb Code    10  stm32f10x_gpio.o(.text)
    GPIO_Write                               0x080052a9   Thumb Code     4  stm32f10x_gpio.o(.text)
    GPIO_PinLockConfig                       0x080052ad   Thumb Code    18  stm32f10x_gpio.o(.text)
    GPIO_EventOutputConfig                   0x080052bf   Thumb Code    26  stm32f10x_gpio.o(.text)
    GPIO_EventOutputCmd                      0x080052d9   Thumb Code     6  stm32f10x_gpio.o(.text)
    GPIO_PinRemapConfig                      0x080052df   Thumb Code   138  stm32f10x_gpio.o(.text)
    GPIO_EXTILineConfig                      0x08005369   Thumb Code    66  stm32f10x_gpio.o(.text)
    GPIO_ETH_MediaInterfaceConfig            0x080053ab   Thumb Code     8  stm32f10x_gpio.o(.text)
    RCC_DeInit                               0x080053d9   Thumb Code    64  stm32f10x_rcc.o(.text)
    RCC_HSEConfig                            0x08005419   Thumb Code    70  stm32f10x_rcc.o(.text)
    RCC_GetFlagStatus                        0x0800545f   Thumb Code    56  stm32f10x_rcc.o(.text)
    RCC_WaitForHSEStartUp                    0x08005497   Thumb Code    56  stm32f10x_rcc.o(.text)
    RCC_AdjustHSICalibrationValue            0x080054cf   Thumb Code    20  stm32f10x_rcc.o(.text)
    RCC_HSICmd                               0x080054e3   Thumb Code     6  stm32f10x_rcc.o(.text)
    RCC_PLLConfig                            0x080054e9   Thumb Code    24  stm32f10x_rcc.o(.text)
    RCC_PLLCmd                               0x08005501   Thumb Code     6  stm32f10x_rcc.o(.text)
    RCC_SYSCLKConfig                         0x08005507   Thumb Code    18  stm32f10x_rcc.o(.text)
    RCC_GetSYSCLKSource                      0x08005519   Thumb Code    10  stm32f10x_rcc.o(.text)
    RCC_HCLKConfig                           0x08005523   Thumb Code    18  stm32f10x_rcc.o(.text)
    RCC_PCLK1Config                          0x08005535   Thumb Code    18  stm32f10x_rcc.o(.text)
    RCC_PCLK2Config                          0x08005547   Thumb Code    20  stm32f10x_rcc.o(.text)
    RCC_ITConfig                             0x0800555b   Thumb Code    26  stm32f10x_rcc.o(.text)
    RCC_USBCLKConfig                         0x08005575   Thumb Code     8  stm32f10x_rcc.o(.text)
    RCC_ADCCLKConfig                         0x0800557d   Thumb Code    18  stm32f10x_rcc.o(.text)
    RCC_LSEConfig                            0x0800558f   Thumb Code    50  stm32f10x_rcc.o(.text)
    RCC_LSICmd                               0x080055c1   Thumb Code     6  stm32f10x_rcc.o(.text)
    RCC_RTCCLKConfig                         0x080055c7   Thumb Code    12  stm32f10x_rcc.o(.text)
    RCC_RTCCLKCmd                            0x080055d3   Thumb Code     8  stm32f10x_rcc.o(.text)
    RCC_GetClocksFreq                        0x080055db   Thumb Code   192  stm32f10x_rcc.o(.text)
    RCC_AHBPeriphClockCmd                    0x0800569b   Thumb Code    26  stm32f10x_rcc.o(.text)
    RCC_APB2PeriphClockCmd                   0x080056b5   Thumb Code    26  stm32f10x_rcc.o(.text)
    RCC_APB1PeriphClockCmd                   0x080056cf   Thumb Code    26  stm32f10x_rcc.o(.text)
    RCC_APB2PeriphResetCmd                   0x080056e9   Thumb Code    26  stm32f10x_rcc.o(.text)
    RCC_APB1PeriphResetCmd                   0x08005703   Thumb Code    26  stm32f10x_rcc.o(.text)
    RCC_BackupResetCmd                       0x0800571d   Thumb Code     8  stm32f10x_rcc.o(.text)
    RCC_ClockSecuritySystemCmd               0x08005725   Thumb Code     6  stm32f10x_rcc.o(.text)
    RCC_MCOConfig                            0x0800572b   Thumb Code     6  stm32f10x_rcc.o(.text)
    RCC_ClearFlag                            0x08005731   Thumb Code    14  stm32f10x_rcc.o(.text)
    RCC_GetITStatus                          0x0800573f   Thumb Code    20  stm32f10x_rcc.o(.text)
    RCC_ClearITPendingBit                    0x08005753   Thumb Code     6  stm32f10x_rcc.o(.text)
    TIM_DeInit                               0x0800577d   Thumb Code   424  stm32f10x_tim.o(.text)
    TIM_TimeBaseInit                         0x08005925   Thumb Code   122  stm32f10x_tim.o(.text)
    TIM_OC1Init                              0x0800599f   Thumb Code   132  stm32f10x_tim.o(.text)
    TIM_OC2Init                              0x08005a23   Thumb Code   154  stm32f10x_tim.o(.text)
    TIM_OC3Init                              0x08005abd   Thumb Code   150  stm32f10x_tim.o(.text)
    TIM_OC4Init                              0x08005b53   Thumb Code   182  stm32f10x_tim.o(.text)
    TIM_SetIC4Prescaler                      0x08005c09   Thumb Code    26  stm32f10x_tim.o(.text)
    TIM_SetIC3Prescaler                      0x08005ca5   Thumb Code    18  stm32f10x_tim.o(.text)
    TIM_SetIC2Prescaler                      0x08005d31   Thumb Code    26  stm32f10x_tim.o(.text)
    TIM_SetIC1Prescaler                      0x08005dcd   Thumb Code    18  stm32f10x_tim.o(.text)
    TIM_ICInit                               0x08005e4b   Thumb Code   150  stm32f10x_tim.o(.text)
    TIM_PWMIConfig                           0x08005ee1   Thumb Code   124  stm32f10x_tim.o(.text)
    TIM_BDTRConfig                           0x08005f5d   Thumb Code    32  stm32f10x_tim.o(.text)
    TIM_TimeBaseStructInit                   0x08005f7d   Thumb Code    18  stm32f10x_tim.o(.text)
    TIM_OCStructInit                         0x08005f8f   Thumb Code    20  stm32f10x_tim.o(.text)
    TIM_ICStructInit                         0x08005fa3   Thumb Code    18  stm32f10x_tim.o(.text)
    TIM_BDTRStructInit                       0x08005fb5   Thumb Code    40  stm32f10x_tim.o(.text)
    TIM_Cmd                                  0x08005fdd   Thumb Code    24  stm32f10x_tim.o(.text)
    TIM_CtrlPWMOutputs                       0x08005ff5   Thumb Code    30  stm32f10x_tim.o(.text)
    TIM_ITConfig                             0x08006013   Thumb Code    18  stm32f10x_tim.o(.text)
    TIM_GenerateEvent                        0x08006025   Thumb Code     4  stm32f10x_tim.o(.text)
    TIM_DMAConfig                            0x08006029   Thumb Code    10  stm32f10x_tim.o(.text)
    TIM_DMACmd                               0x08006033   Thumb Code    18  stm32f10x_tim.o(.text)
    TIM_InternalClockConfig                  0x08006045   Thumb Code    12  stm32f10x_tim.o(.text)
    TIM_SelectInputTrigger                   0x08006051   Thumb Code    18  stm32f10x_tim.o(.text)
    TIM_ITRxExternalClockConfig              0x08006063   Thumb Code    24  stm32f10x_tim.o(.text)
    TIM_TIxExternalClockConfig               0x0800607b   Thumb Code    62  stm32f10x_tim.o(.text)
    TIM_ETRConfig                            0x080060b9   Thumb Code    28  stm32f10x_tim.o(.text)
    TIM_ETRClockMode1Config                  0x080060d5   Thumb Code    54  stm32f10x_tim.o(.text)
    TIM_ETRClockMode2Config                  0x0800610b   Thumb Code    32  stm32f10x_tim.o(.text)
    TIM_PrescalerConfig                      0x0800612b   Thumb Code     6  stm32f10x_tim.o(.text)
    TIM_CounterModeConfig                    0x08006131   Thumb Code    18  stm32f10x_tim.o(.text)
    TIM_EncoderInterfaceConfig               0x08006143   Thumb Code    66  stm32f10x_tim.o(.text)
    TIM_ForcedOC1Config                      0x08006185   Thumb Code    18  stm32f10x_tim.o(.text)
    TIM_ForcedOC2Config                      0x08006197   Thumb Code    26  stm32f10x_tim.o(.text)
    TIM_ForcedOC3Config                      0x080061b1   Thumb Code    18  stm32f10x_tim.o(.text)
    TIM_ForcedOC4Config                      0x080061c3   Thumb Code    26  stm32f10x_tim.o(.text)
    TIM_ARRPreloadConfig                     0x080061dd   Thumb Code    24  stm32f10x_tim.o(.text)
    TIM_SelectCOM                            0x080061f5   Thumb Code    24  stm32f10x_tim.o(.text)
    TIM_SelectCCDMA                          0x0800620d   Thumb Code    24  stm32f10x_tim.o(.text)
    TIM_CCPreloadControl                     0x08006225   Thumb Code    24  stm32f10x_tim.o(.text)
    TIM_OC1PreloadConfig                     0x0800623d   Thumb Code    18  stm32f10x_tim.o(.text)
    TIM_OC2PreloadConfig                     0x0800624f   Thumb Code    26  stm32f10x_tim.o(.text)
    TIM_OC3PreloadConfig                     0x08006269   Thumb Code    18  stm32f10x_tim.o(.text)
    TIM_OC4PreloadConfig                     0x0800627b   Thumb Code    26  stm32f10x_tim.o(.text)
    TIM_OC1FastConfig                        0x08006295   Thumb Code    18  stm32f10x_tim.o(.text)
    TIM_OC2FastConfig                        0x080062a7   Thumb Code    26  stm32f10x_tim.o(.text)
    TIM_OC3FastConfig                        0x080062c1   Thumb Code    18  stm32f10x_tim.o(.text)
    TIM_OC4FastConfig                        0x080062d3   Thumb Code    26  stm32f10x_tim.o(.text)
    TIM_ClearOC1Ref                          0x080062ed   Thumb Code    18  stm32f10x_tim.o(.text)
    TIM_ClearOC2Ref                          0x080062ff   Thumb Code    24  stm32f10x_tim.o(.text)
    TIM_ClearOC3Ref                          0x08006317   Thumb Code    18  stm32f10x_tim.o(.text)
    TIM_ClearOC4Ref                          0x08006329   Thumb Code    24  stm32f10x_tim.o(.text)
    TIM_OC1PolarityConfig                    0x08006341   Thumb Code    18  stm32f10x_tim.o(.text)
    TIM_OC1NPolarityConfig                   0x08006353   Thumb Code    18  stm32f10x_tim.o(.text)
    TIM_OC2PolarityConfig                    0x08006365   Thumb Code    26  stm32f10x_tim.o(.text)
    TIM_OC2NPolarityConfig                   0x0800637f   Thumb Code    26  stm32f10x_tim.o(.text)
    TIM_OC3PolarityConfig                    0x08006399   Thumb Code    26  stm32f10x_tim.o(.text)
    TIM_OC3NPolarityConfig                   0x080063b3   Thumb Code    26  stm32f10x_tim.o(.text)
    TIM_OC4PolarityConfig                    0x080063cd   Thumb Code    26  stm32f10x_tim.o(.text)
    TIM_CCxCmd                               0x080063e7   Thumb Code    30  stm32f10x_tim.o(.text)
    TIM_CCxNCmd                              0x08006405   Thumb Code    30  stm32f10x_tim.o(.text)
    TIM_SelectOCxM                           0x08006423   Thumb Code    82  stm32f10x_tim.o(.text)
    TIM_UpdateDisableConfig                  0x08006475   Thumb Code    24  stm32f10x_tim.o(.text)
    TIM_UpdateRequestConfig                  0x0800648d   Thumb Code    24  stm32f10x_tim.o(.text)
    TIM_SelectHallSensor                     0x080064a5   Thumb Code    24  stm32f10x_tim.o(.text)
    TIM_SelectOnePulseMode                   0x080064bd   Thumb Code    18  stm32f10x_tim.o(.text)
    TIM_SelectOutputTrigger                  0x080064cf   Thumb Code    18  stm32f10x_tim.o(.text)
    TIM_SelectSlaveMode                      0x080064e1   Thumb Code    18  stm32f10x_tim.o(.text)
    TIM_SelectMasterSlaveMode                0x080064f3   Thumb Code    18  stm32f10x_tim.o(.text)
    TIM_SetCounter                           0x08006505   Thumb Code     4  stm32f10x_tim.o(.text)
    TIM_SetAutoreload                        0x08006509   Thumb Code     4  stm32f10x_tim.o(.text)
    TIM_SetCompare1                          0x0800650d   Thumb Code     4  stm32f10x_tim.o(.text)
    TIM_SetCompare2                          0x08006511   Thumb Code     4  stm32f10x_tim.o(.text)
    TIM_SetCompare3                          0x08006515   Thumb Code     4  stm32f10x_tim.o(.text)
    TIM_SetCompare4                          0x08006519   Thumb Code     6  stm32f10x_tim.o(.text)
    TIM_SetClockDivision                     0x0800651f   Thumb Code    18  stm32f10x_tim.o(.text)
    TIM_GetCapture1                          0x08006531   Thumb Code     6  stm32f10x_tim.o(.text)
    TIM_GetCapture2                          0x08006537   Thumb Code     6  stm32f10x_tim.o(.text)
    TIM_GetCapture3                          0x0800653d   Thumb Code     6  stm32f10x_tim.o(.text)
    TIM_GetCapture4                          0x08006543   Thumb Code     8  stm32f10x_tim.o(.text)
    TIM_GetCounter                           0x0800654b   Thumb Code     6  stm32f10x_tim.o(.text)
    TIM_GetPrescaler                         0x08006551   Thumb Code     6  stm32f10x_tim.o(.text)
    TIM_GetFlagStatus                        0x08006557   Thumb Code    18  stm32f10x_tim.o(.text)
    TIM_ClearFlag                            0x08006569   Thumb Code     6  stm32f10x_tim.o(.text)
    TIM_GetITStatus                          0x0800656f   Thumb Code    34  stm32f10x_tim.o(.text)
    TIM_ClearITPendingBit                    0x08006591   Thumb Code     6  stm32f10x_tim.o(.text)
    USART_DeInit                             0x08006599   Thumb Code   134  stm32f10x_usart.o(.text)
    USART_Init                               0x0800661f   Thumb Code   210  stm32f10x_usart.o(.text)
    USART_StructInit                         0x080066f1   Thumb Code    24  stm32f10x_usart.o(.text)
    USART_ClockInit                          0x08006709   Thumb Code    34  stm32f10x_usart.o(.text)
    USART_ClockStructInit                    0x0800672b   Thumb Code    12  stm32f10x_usart.o(.text)
    USART_Cmd                                0x08006737   Thumb Code    24  stm32f10x_usart.o(.text)
    USART_ITConfig                           0x0800674f   Thumb Code    74  stm32f10x_usart.o(.text)
    USART_DMACmd                             0x08006799   Thumb Code    18  stm32f10x_usart.o(.text)
    USART_SetAddress                         0x080067ab   Thumb Code    18  stm32f10x_usart.o(.text)
    USART_WakeUpConfig                       0x080067bd   Thumb Code    18  stm32f10x_usart.o(.text)
    USART_ReceiverWakeUpCmd                  0x080067cf   Thumb Code    24  stm32f10x_usart.o(.text)
    USART_LINBreakDetectLengthConfig         0x080067e7   Thumb Code    18  stm32f10x_usart.o(.text)
    USART_LINCmd                             0x080067f9   Thumb Code    24  stm32f10x_usart.o(.text)
    USART_SendData                           0x08006811   Thumb Code     8  stm32f10x_usart.o(.text)
    USART_ReceiveData                        0x08006819   Thumb Code    10  stm32f10x_usart.o(.text)
    USART_SendBreak                          0x08006823   Thumb Code    10  stm32f10x_usart.o(.text)
    USART_SetGuardTime                       0x0800682d   Thumb Code    16  stm32f10x_usart.o(.text)
    USART_SetPrescaler                       0x0800683d   Thumb Code    16  stm32f10x_usart.o(.text)
    USART_SmartCardCmd                       0x0800684d   Thumb Code    24  stm32f10x_usart.o(.text)
    USART_SmartCardNACKCmd                   0x08006865   Thumb Code    24  stm32f10x_usart.o(.text)
    USART_HalfDuplexCmd                      0x0800687d   Thumb Code    24  stm32f10x_usart.o(.text)
    USART_OverSampling8Cmd                   0x08006895   Thumb Code    22  stm32f10x_usart.o(.text)
    USART_OneBitMethodCmd                    0x080068ab   Thumb Code    24  stm32f10x_usart.o(.text)
    USART_IrDAConfig                         0x080068c3   Thumb Code    18  stm32f10x_usart.o(.text)
    USART_IrDACmd                            0x080068d5   Thumb Code    24  stm32f10x_usart.o(.text)
    USART_GetFlagStatus                      0x080068ed   Thumb Code    26  stm32f10x_usart.o(.text)
    USART_ClearFlag                          0x08006907   Thumb Code    18  stm32f10x_usart.o(.text)
    USART_GetITStatus                        0x08006919   Thumb Code    84  stm32f10x_usart.o(.text)
    USART_ClearITPendingBit                  0x0800696d   Thumb Code    52  stm32f10x_usart.o(.text)
    DMA_DeInit                               0x080069a1   Thumb Code   324  stm32f10x_dma.o(.text)
    DMA_Init                                 0x08006ae5   Thumb Code    60  stm32f10x_dma.o(.text)
    DMA_StructInit                           0x08006b21   Thumb Code    26  stm32f10x_dma.o(.text)
    DMA_Cmd                                  0x08006b3b   Thumb Code    24  stm32f10x_dma.o(.text)
    DMA_ITConfig                             0x08006b53   Thumb Code    18  stm32f10x_dma.o(.text)
    DMA_SetCurrDataCounter                   0x08006b65   Thumb Code     4  stm32f10x_dma.o(.text)
    DMA_GetCurrDataCounter                   0x08006b69   Thumb Code     8  stm32f10x_dma.o(.text)
    DMA_GetFlagStatus                        0x08006b71   Thumb Code    40  stm32f10x_dma.o(.text)
    DMA_ClearFlag                            0x08006b99   Thumb Code    22  stm32f10x_dma.o(.text)
    DMA_GetITStatus                          0x08006baf   Thumb Code    40  stm32f10x_dma.o(.text)
    DMA_ClearITPendingBit                    0x08006bd7   Thumb Code    22  stm32f10x_dma.o(.text)
    __use_no_semihosting                     0x08006bf5   Thumb Code     2  use_no_semi_2.o(.text)
    __aeabi_ldivmod                          0x08006bf7   Thumb Code     0  llsdiv.o(.text)
    _ll_sdiv                                 0x08006bf7   Thumb Code    72  llsdiv.o(.text)
    __c89vsprintf                            0x08006c41   Thumb Code    32  c89vsprintf.o(.text)
    __2printf                                0x08006c65   Thumb Code    20  __2printf.o(.text)
    _printf_pre_padding                      0x08006c7d   Thumb Code    44  _printf_pad.o(.text)
    _printf_post_padding                     0x08006ca9   Thumb Code    34  _printf_pad.o(.text)
    _printf_str                              0x08006ccb   Thumb Code    82  _printf_str.o(.text)
    _printf_int_dec                          0x08006d1d   Thumb Code   104  _printf_dec.o(.text)
    _printf_longlong_hex                     0x08006d95   Thumb Code    86  _printf_hex_int_ll_ptr.o(.text)
    _printf_int_hex                          0x08006deb   Thumb Code    28  _printf_hex_int_ll_ptr.o(.text)
    _printf_ll_hex                           0x08006e07   Thumb Code    12  _printf_hex_int_ll_ptr.o(.text)
    _printf_hex_ptr                          0x08006e13   Thumb Code    18  _printf_hex_int_ll_ptr.o(.text)
    __printf                                 0x08006e29   Thumb Code   388  __printf_flags_ss_wp.o(.text)
    memcmp                                   0x08006fb1   Thumb Code    88  memcmp.o(.text)
    strlen                                   0x08007009   Thumb Code    62  strlen.o(.text)
    __aeabi_memset                           0x08007047   Thumb Code    16  aeabi_memset.o(.text)
    __use_two_region_memory                  0x08007057   Thumb Code     2  heapauxi.o(.text)
    __rt_heap_escrow$2region                 0x08007059   Thumb Code     2  heapauxi.o(.text)
    __rt_heap_expand$2region                 0x0800705b   Thumb Code     2  heapauxi.o(.text)
    __I$use$semihosting                      0x0800705d   Thumb Code     0  use_no_semi.o(.text)
    __use_no_semihosting_swi                 0x0800705d   Thumb Code     2  use_no_semi.o(.text)
    __aeabi_uldivmod                         0x0800705f   Thumb Code     0  lludivv7m.o(.text)
    _ll_udiv                                 0x0800705f   Thumb Code   238  lludivv7m.o(.text)
    __read_errno                             0x0800714d   Thumb Code    10  _rserrno.o(.text)
    __set_errno                              0x08007157   Thumb Code    12  _rserrno.o(.text)
    _printf_truncate_signed                  0x08007163   Thumb Code    18  _printf_truncate.o(.text)
    _printf_truncate_unsigned                0x08007175   Thumb Code    18  _printf_truncate.o(.text)
    _printf_int_common                       0x08007187   Thumb Code   178  _printf_intcommon.o(.text)
    _printf_charcount                        0x08007239   Thumb Code    40  _printf_charcount.o(.text)
    _printf_char_common                      0x0800726b   Thumb Code    32  _printf_char_common.o(.text)
    _sputc                                   0x08007291   Thumb Code    10  _sputc.o(.text)
    _printf_cs_common                        0x0800729b   Thumb Code    20  _printf_char.o(.text)
    _printf_char                             0x080072af   Thumb Code    16  _printf_char.o(.text)
    _printf_string                           0x080072bf   Thumb Code     8  _printf_char.o(.text)
    _printf_char_file                        0x080072c9   Thumb Code    32  _printf_char_file.o(.text)
    _printf_wctomb                           0x080072ed   Thumb Code   182  _printf_wctomb.o(.text)
    _printf_longlong_dec                     0x080073a9   Thumb Code   108  _printf_longlong_dec.o(.text)
    _printf_longlong_oct                     0x08007425   Thumb Code    68  _printf_oct_int_ll.o(.text)
    _printf_int_oct                          0x08007469   Thumb Code    24  _printf_oct_int_ll.o(.text)
    _printf_ll_oct                           0x08007481   Thumb Code    12  _printf_oct_int_ll.o(.text)
    __aeabi_memclr                           0x08007495   Thumb Code     0  rt_memclr.o(.text)
    __rt_memclr                              0x08007495   Thumb Code    68  rt_memclr.o(.text)
    _memset                                  0x08007499   Thumb Code     0  rt_memclr.o(.text)
    __aeabi_errno_addr                       0x080074d9   Thumb Code     8  rt_errno_addr_intlibspace.o(.text)
    __errno$intlibspace                      0x080074d9   Thumb Code     0  rt_errno_addr_intlibspace.o(.text)
    __rt_errno_addr$intlibspace              0x080074d9   Thumb Code     0  rt_errno_addr_intlibspace.o(.text)
    _ll_udiv10                               0x080074e1   Thumb Code   138  lludiv10.o(.text)
    __lib_sel_fp_printf                      0x0800756b   Thumb Code     2  _printf_fp_dec.o(.text)
    _printf_fp_dec_real                      0x08007719   Thumb Code   620  _printf_fp_dec.o(.text)
    _printf_lcs_common                       0x08007985   Thumb Code    20  _printf_wchar.o(.text)
    _printf_wchar                            0x08007999   Thumb Code    16  _printf_wchar.o(.text)
    _printf_wstring                          0x080079a9   Thumb Code     8  _printf_wchar.o(.text)
    ferror                                   0x080079b1   Thumb Code     8  ferror.o(.text)
    _wcrtomb                                 0x080079b9   Thumb Code    64  _wcrtomb.o(.text)
    __aeabi_memclr4                          0x080079f9   Thumb Code     0  rt_memclr_w.o(.text)
    __aeabi_memclr8                          0x080079f9   Thumb Code     0  rt_memclr_w.o(.text)
    __rt_memclr_w                            0x080079f9   Thumb Code    78  rt_memclr_w.o(.text)
    _memset_w                                0x080079fd   Thumb Code     0  rt_memclr_w.o(.text)
    __user_libspace                          0x08007a49   Thumb Code     8  libspace.o(.text)
    __user_perproc_libspace                  0x08007a49   Thumb Code     0  libspace.o(.text)
    __user_perthread_libspace                0x08007a49   Thumb Code     0  libspace.o(.text)
    __user_setup_stackheap                   0x08007a51   Thumb Code    74  sys_stackheap_outer.o(.text)
    __rt_ctype_table                         0x08007a9d   Thumb Code    16  rt_ctype_table.o(.text)
    __rt_locale                              0x08007aad   Thumb Code     8  rt_locale_intlibspace.o(.text)
    _printf_fp_infnan                        0x08007ab5   Thumb Code   112  _printf_fp_infnan.o(.text)
    _btod_etento                             0x08007b35   Thumb Code   216  bigflt0.o(.text)
    exit                                     0x08007c11   Thumb Code    18  exit.o(.text)
    strcmp                                   0x08007c25   Thumb Code   128  strcmpv7m.o(.text)
    _btod_d2e                                0x08007ca5   Thumb Code    62  btod.o(CL$$btod_d2e)
    _d2e_denorm_low                          0x08007ce3   Thumb Code    70  btod.o(CL$$btod_d2e_denorm_low)
    _d2e_norm_op1                            0x08007d29   Thumb Code    96  btod.o(CL$$btod_d2e_norm_op1)
    __btod_div_common                        0x08007d89   Thumb Code   696  btod.o(CL$$btod_div_common)
    _e2e                                     0x080080c1   Thumb Code   198  btod.o(CL$$btod_e2e)
    _btod_ediv                               0x08008187   Thumb Code    40  btod.o(CL$$btod_ediv)
    _btod_emul                               0x080081af   Thumb Code    40  btod.o(CL$$btod_emul)
    __btod_mult_common                       0x080081d7   Thumb Code   580  btod.o(CL$$btod_mult_common)
    __ARM_fpclassify                         0x0800841b   Thumb Code    40  fpclassify.o(i.__ARM_fpclassify)
    __kernel_poly                            0x08008443   Thumb Code   170  poly.o(i.__kernel_poly)
    __mathlib_dbl_infnan                     0x080084ed   Thumb Code     6  dunder.o(i.__mathlib_dbl_infnan)
    __mathlib_dbl_infnan2                    0x080084f3   Thumb Code     4  dunder.o(i.__mathlib_dbl_infnan2)
    __mathlib_dbl_invalid                    0x080084f7   Thumb Code    12  dunder.o(i.__mathlib_dbl_invalid)
    __mathlib_dbl_underflow                  0x08008505   Thumb Code    10  dunder.o(i.__mathlib_dbl_underflow)
    _is_digit                                0x08008515   Thumb Code    14  __printf_wp.o(i._is_digit)
    asin                                     0x08008525   Thumb Code   572  asin.o(i.asin)
    atan                                     0x08008795   Thumb Code   474  atan.o(i.atan)
    atan2                                    0x080089b5   Thumb Code   346  atan2.o(i.atan2)
    sqrt                                     0x08008b35   Thumb Code    76  sqrt.o(i.sqrt)
    _get_lc_numeric                          0x08008b81   Thumb Code    44  lc_numeric_c.o(locale$$code)
    _get_lc_ctype                            0x08008bad   Thumb Code    44  lc_ctype_c.o(locale$$code)
    __aeabi_d2f                              0x08008bd9   Thumb Code     0  d2f.o(x$fpl$d2f)
    _d2f                                     0x08008bd9   Thumb Code    98  d2f.o(x$fpl$d2f)
    __aeabi_dadd                             0x08008c3d   Thumb Code     0  daddsub_clz.o(x$fpl$dadd)
    _dadd                                    0x08008c3d   Thumb Code   332  daddsub_clz.o(x$fpl$dadd)
    __fpl_dcheck_NaN1                        0x08008d8d   Thumb Code    10  dcheck1.o(x$fpl$dcheck1)
    __aeabi_ddiv                             0x08008d9d   Thumb Code     0  ddiv.o(x$fpl$ddiv)
    _ddiv                                    0x08008d9d   Thumb Code   552  ddiv.o(x$fpl$ddiv)
    __aeabi_d2iz                             0x0800904d   Thumb Code     0  dfix.o(x$fpl$dfix)
    _dfix                                    0x0800904d   Thumb Code    94  dfix.o(x$fpl$dfix)
    __aeabi_i2d                              0x080090ab   Thumb Code     0  dflt_clz.o(x$fpl$dflt)
    _dflt                                    0x080090ab   Thumb Code    46  dflt_clz.o(x$fpl$dflt)
    __aeabi_dmul                             0x080090d9   Thumb Code     0  dmul.o(x$fpl$dmul)
    _dmul                                    0x080090d9   Thumb Code   332  dmul.o(x$fpl$dmul)
    __fpl_dnaninf                            0x0800922d   Thumb Code   156  dnaninf.o(x$fpl$dnaninf)
    __fpl_dretinf                            0x080092c9   Thumb Code    12  dretinf.o(x$fpl$dretinf)
    __aeabi_drsub                            0x080092d5   Thumb Code     0  daddsub_clz.o(x$fpl$drsb)
    _drsb                                    0x080092d5   Thumb Code    22  daddsub_clz.o(x$fpl$drsb)
    _dsqrt                                   0x080092ed   Thumb Code   456  dsqrt_noumaal.o(x$fpl$dsqrt)
    __aeabi_dsub                             0x080094b9   Thumb Code     0  daddsub_clz.o(x$fpl$dsub)
    _dsub                                    0x080094b9   Thumb Code   464  daddsub_clz.o(x$fpl$dsub)
    __aeabi_f2d                              0x0800968d   Thumb Code     0  f2d.o(x$fpl$f2d)
    _f2d                                     0x0800968d   Thumb Code    86  f2d.o(x$fpl$f2d)
    __aeabi_fadd                             0x080096e5   Thumb Code     0  faddsub_clz.o(x$fpl$fadd)
    _fadd                                    0x080096e5   Thumb Code   196  faddsub_clz.o(x$fpl$fadd)
    __fpl_fcmp_Inf                           0x080097a9   Thumb Code    24  fcmpi.o(x$fpl$fcmpinf)
    __aeabi_fdiv                             0x080097c1   Thumb Code     0  fdiv.o(x$fpl$fdiv)
    _fdiv                                    0x080097c1   Thumb Code   384  fdiv.o(x$fpl$fdiv)
    __aeabi_cfcmpeq                          0x08009945   Thumb Code     0  feqf.o(x$fpl$feqf)
    _fcmpeq                                  0x08009945   Thumb Code   104  feqf.o(x$fpl$feqf)
    __aeabi_f2iz                             0x080099ad   Thumb Code     0  ffix.o(x$fpl$ffix)
    _ffix                                    0x080099ad   Thumb Code    54  ffix.o(x$fpl$ffix)
    __aeabi_f2uiz                            0x080099e5   Thumb Code     0  ffixu.o(x$fpl$ffixu)
    _ffixu                                   0x080099e5   Thumb Code    62  ffixu.o(x$fpl$ffixu)
    __aeabi_i2f                              0x08009a25   Thumb Code     0  fflt_clz.o(x$fpl$fflt)
    _fflt                                    0x08009a25   Thumb Code    48  fflt_clz.o(x$fpl$fflt)
    __aeabi_ui2f                             0x08009a55   Thumb Code     0  fflt_clz.o(x$fpl$ffltu)
    _ffltu                                   0x08009a55   Thumb Code    38  fflt_clz.o(x$fpl$ffltu)
    __aeabi_cfcmple                          0x08009a7d   Thumb Code     0  fleqf.o(x$fpl$fleqf)
    _fcmple                                  0x08009a7d   Thumb Code   104  fleqf.o(x$fpl$fleqf)
    __fpl_fcmple_InfNaN                      0x08009acf   Thumb Code     0  fleqf.o(x$fpl$fleqf)
    __aeabi_fmul                             0x08009ae5   Thumb Code     0  fmul.o(x$fpl$fmul)
    _fmul                                    0x08009ae5   Thumb Code   258  fmul.o(x$fpl$fmul)
    __fpl_fnaninf                            0x08009be7   Thumb Code   140  fnaninf.o(x$fpl$fnaninf)
    __fpl_fretinf                            0x08009c73   Thumb Code    10  fretinf.o(x$fpl$fretinf)
    __aeabi_cfrcmple                         0x08009c7d   Thumb Code     0  frleqf.o(x$fpl$frleqf)
    _frcmple                                 0x08009c7d   Thumb Code    98  frleqf.o(x$fpl$frleqf)
    __aeabi_fsub                             0x08009ce1   Thumb Code     0  faddsub_clz.o(x$fpl$fsub)
    _fsub                                    0x08009ce1   Thumb Code   234  faddsub_clz.o(x$fpl$fsub)
    _printf_fp_dec                           0x08009dcb   Thumb Code     4  printf1.o(x$fpl$printf1)
    __fpl_return_NaN                         0x08009dcf   Thumb Code   100  retnan.o(x$fpl$retnan)
    __ARM_scalbn                             0x08009e33   Thumb Code    92  scalbn.o(x$fpl$scalbn)
    __fpl_cmpreturn                          0x08009e8f   Thumb Code    48  trapv.o(x$fpl$trapveneer)
    __I$use$fp                               0x08009ebe   Number         0  usenofp.o(x$fpl$usenofp)
    asc2_1206                                0x08009ebe   Data        1140  oled.o(.constdata)
    asc2_1608                                0x0800a332   Data        1520  oled.o(.constdata)
    asc2_2412                                0x0800a922   Data        3420  oled.o(.constdata)
    reg                                      0x0800b680   Data          27  inv_mpu.o(.constdata)
    hw                                       0x0800b69c   Data          12  inv_mpu.o(.constdata)
    test                                     0x0800b6a8   Data          40  inv_mpu.o(.constdata)
    __mathlib_zero                           0x0800c3f0   Data           8  qnan.o(.constdata)
    Region$$Table$$Base                      0x0800c4dc   Number         0  anon$$obj.o(Region$$Table)
    Region$$Table$$Limit                     0x0800c4fc   Number         0  anon$$obj.o(Region$$Table)
    __ctype                                  0x0800c525   Data           0  lc_ctype_c.o(locale$$data)
    Angle_Balance                            0x20000000   Data           4  main.o(.data)
    Gyro_Balance                             0x20000004   Data           4  main.o(.data)
    Gyro_Turn                                0x20000008   Data           4  main.o(.data)
    pitch                                    0x2000000c   Data           4  main.o(.data)
    roll                                     0x20000010   Data           4  main.o(.data)
    yaw                                      0x20000014   Data           4  main.o(.data)
    aacx                                     0x20000018   Data           2  main.o(.data)
    aacy                                     0x2000001a   Data           2  main.o(.data)
    aacz                                     0x2000001c   Data           2  main.o(.data)
    gyrox                                    0x2000001e   Data           2  main.o(.data)
    gyroy                                    0x20000020   Data           2  main.o(.data)
    gyroz                                    0x20000022   Data           2  main.o(.data)
    d1                                       0x20000024   Data           4  main.o(.data)
    d2                                       0x20000028   Data           4  main.o(.data)
    Encoder1_Number                          0x2000002c   Data           4  main.o(.data)
    DC_motor1_speed                          0x20000030   Data           4  main.o(.data)
    len                                      0x20000034   Data           2  main.o(.data)
    sss                                      0x20000036   Data          20  main.o(.data)
    SystemCoreClock                          0x2000004c   Data           4  system_stm32f10x.o(.data)
    AHBPrescTable                            0x20000050   Data          16  system_stm32f10x.o(.data)
    increment_1                              0x2000009c   Data           4  motor.o(.data)
    increment_2                              0x200000a0   Data           4  motor.o(.data)
    increment_3                              0x200000a4   Data           4  motor.o(.data)
    increment_4                              0x200000a8   Data           4  motor.o(.data)
    Balance_Pwm                              0x200000ac   Data           4  motor.o(.data)
    Velocity_Pwm                             0x200000b0   Data           4  motor.o(.data)
    Turn_Pwm                                 0x200000b4   Data           4  motor.o(.data)
    bias                                     0x200000b8   Data           4  motor.o(.data)
    ggg                                      0x200000bc   Data           4  motor.o(.data)
    USART2_RX_STA                            0x200000c0   Data           2  usart3.o(.data)
    __stdout                                 0x200000c8   Data           4  usart.o(.data)
    USART_RX_STA                             0x200000cc   Data           2  usart.o(.data)
    OLED_GRAM                                0x200000e4   Data        1024  oled.o(.bss)
    USART2_TX_BUF                            0x200004f8   Data         400  usart3.o(.bss)
    USART2_RX_BUF                            0x20000688   Data         400  usart3.o(.bss)
    USART_RX_BUF                             0x20000818   Data         200  usart.o(.bss)
    __libspace_start                         0x200008e0   Data          96  libspace.o(.bss)
    __temporary_stack_top$libspace           0x20000940   Data           0  libspace.o(.bss)
    mem2base                                 0x68000000   Data       983040  malloc.o(.ARM.__AT_0x68000000)
    mem2mapbase                              0x680f0000   Data       61440  malloc.o(.ARM.__AT_0x680F0000)



==============================================================================

Memory Map of the image

  Image Entry point : 0x08000131

  Load Region LR_IROM1 (Base: 0x08000000, Size: 0x0000c70c, Max: 0x00080000, ABSOLUTE)

    Execution Region ER_IROM1 (Base: 0x08000000, Size: 0x0000c628, Max: 0x00080000, ABSOLUTE)

    Base Addr    Size         Type   Attr      Idx    E Section Name        Object

    0x08000000   0x00000130   Data   RO          570    RESET               startup_stm32f10x_hd.o
    0x08000130   0x00000008   Code   RO          728  * !!!main             c_w.l(__main.o)
    0x08000138   0x00000034   Code   RO         1149    !!!scatter          c_w.l(__scatter.o)
    0x0800016c   0x0000001a   Code   RO         1151    !!handler_copy      c_w.l(__scatter_copy.o)
    0x08000186   0x00000002   PAD
    0x08000188   0x0000001c   Code   RO         1153    !!handler_zi        c_w.l(__scatter_zi.o)
    0x080001a4   0x00000000   Code   RO          717    .ARM.Collect$$_printf_percent$$00000000  c_w.l(_printf_percent.o)
    0x080001a4   0x00000006   Code   RO          835    .ARM.Collect$$_printf_percent$$00000001  c_w.l(_printf_n.o)
    0x080001aa   0x00000006   Code   RO          836    .ARM.Collect$$_printf_percent$$00000002  c_w.l(_printf_p.o)
    0x080001b0   0x00000006   Code   RO          840    .ARM.Collect$$_printf_percent$$00000003  c_w.l(_printf_f.o)
    0x080001b6   0x00000006   Code   RO          841    .ARM.Collect$$_printf_percent$$00000004  c_w.l(_printf_e.o)
    0x080001bc   0x00000006   Code   RO          842    .ARM.Collect$$_printf_percent$$00000005  c_w.l(_printf_g.o)
    0x080001c2   0x00000006   Code   RO          843    .ARM.Collect$$_printf_percent$$00000006  c_w.l(_printf_a.o)
    0x080001c8   0x0000000a   Code   RO          848    .ARM.Collect$$_printf_percent$$00000007  c_w.l(_printf_ll.o)
    0x080001d2   0x00000006   Code   RO          838    .ARM.Collect$$_printf_percent$$00000008  c_w.l(_printf_i.o)
    0x080001d8   0x00000006   Code   RO          716    .ARM.Collect$$_printf_percent$$00000009  c_w.l(_printf_d.o)
    0x080001de   0x00000006   Code   RO          839    .ARM.Collect$$_printf_percent$$0000000A  c_w.l(_printf_u.o)
    0x080001e4   0x00000006   Code   RO          837    .ARM.Collect$$_printf_percent$$0000000B  c_w.l(_printf_o.o)
    0x080001ea   0x00000006   Code   RO          715    .ARM.Collect$$_printf_percent$$0000000C  c_w.l(_printf_x.o)
    0x080001f0   0x00000006   Code   RO          845    .ARM.Collect$$_printf_percent$$0000000D  c_w.l(_printf_lli.o)
    0x080001f6   0x00000006   Code   RO          846    .ARM.Collect$$_printf_percent$$0000000E  c_w.l(_printf_lld.o)
    0x080001fc   0x00000006   Code   RO          847    .ARM.Collect$$_printf_percent$$0000000F  c_w.l(_printf_llu.o)
    0x08000202   0x00000006   Code   RO          852    .ARM.Collect$$_printf_percent$$00000010  c_w.l(_printf_llo.o)
    0x08000208   0x00000006   Code   RO          853    .ARM.Collect$$_printf_percent$$00000011  c_w.l(_printf_llx.o)
    0x0800020e   0x0000000a   Code   RO          849    .ARM.Collect$$_printf_percent$$00000012  c_w.l(_printf_l.o)
    0x08000218   0x00000006   Code   RO          834    .ARM.Collect$$_printf_percent$$00000013  c_w.l(_printf_c.o)
    0x0800021e   0x00000006   Code   RO          714    .ARM.Collect$$_printf_percent$$00000014  c_w.l(_printf_s.o)
    0x08000224   0x00000006   Code   RO          850    .ARM.Collect$$_printf_percent$$00000015  c_w.l(_printf_lc.o)
    0x0800022a   0x00000006   Code   RO          851    .ARM.Collect$$_printf_percent$$00000016  c_w.l(_printf_ls.o)
    0x08000230   0x00000004   Code   RO          844    .ARM.Collect$$_printf_percent$$00000017  c_w.l(_printf_percent_end.o)
    0x08000234   0x00000002   Code   RO         1009    .ARM.Collect$$libinit$$00000000  c_w.l(libinit.o)
    0x08000236   0x00000000   Code   RO         1028    .ARM.Collect$$libinit$$00000002  c_w.l(libinit2.o)
    0x08000236   0x00000000   Code   RO         1030    .ARM.Collect$$libinit$$00000004  c_w.l(libinit2.o)
    0x08000236   0x00000000   Code   RO         1033    .ARM.Collect$$libinit$$0000000A  c_w.l(libinit2.o)
    0x08000236   0x00000000   Code   RO         1035    .ARM.Collect$$libinit$$0000000C  c_w.l(libinit2.o)
    0x08000236   0x00000000   Code   RO         1037    .ARM.Collect$$libinit$$0000000E  c_w.l(libinit2.o)
    0x08000236   0x00000006   Code   RO         1038    .ARM.Collect$$libinit$$0000000F  c_w.l(libinit2.o)
    0x0800023c   0x00000000   Code   RO         1040    .ARM.Collect$$libinit$$00000011  c_w.l(libinit2.o)
    0x0800023c   0x0000000c   Code   RO         1041    .ARM.Collect$$libinit$$00000012  c_w.l(libinit2.o)
    0x08000248   0x00000000   Code   RO         1042    .ARM.Collect$$libinit$$00000013  c_w.l(libinit2.o)
    0x08000248   0x00000000   Code   RO         1044    .ARM.Collect$$libinit$$00000015  c_w.l(libinit2.o)
    0x08000248   0x0000000a   Code   RO         1045    .ARM.Collect$$libinit$$00000016  c_w.l(libinit2.o)
    0x08000252   0x00000000   Code   RO         1046    .ARM.Collect$$libinit$$00000017  c_w.l(libinit2.o)
    0x08000252   0x00000000   Code   RO         1048    .ARM.Collect$$libinit$$00000019  c_w.l(libinit2.o)
    0x08000252   0x00000000   Code   RO         1050    .ARM.Collect$$libinit$$0000001B  c_w.l(libinit2.o)
    0x08000252   0x00000000   Code   RO         1052    .ARM.Collect$$libinit$$0000001D  c_w.l(libinit2.o)
    0x08000252   0x00000000   Code   RO         1054    .ARM.Collect$$libinit$$0000001F  c_w.l(libinit2.o)
    0x08000252   0x00000000   Code   RO         1056    .ARM.Collect$$libinit$$00000021  c_w.l(libinit2.o)
    0x08000252   0x00000000   Code   RO         1058    .ARM.Collect$$libinit$$00000023  c_w.l(libinit2.o)
    0x08000252   0x00000000   Code   RO         1060    .ARM.Collect$$libinit$$00000025  c_w.l(libinit2.o)
    0x08000252   0x00000000   Code   RO         1064    .ARM.Collect$$libinit$$0000002C  c_w.l(libinit2.o)
    0x08000252   0x00000000   Code   RO         1066    .ARM.Collect$$libinit$$0000002E  c_w.l(libinit2.o)
    0x08000252   0x00000000   Code   RO         1068    .ARM.Collect$$libinit$$00000030  c_w.l(libinit2.o)
    0x08000252   0x00000000   Code   RO         1070    .ARM.Collect$$libinit$$00000032  c_w.l(libinit2.o)
    0x08000252   0x00000002   Code   RO         1071    .ARM.Collect$$libinit$$00000033  c_w.l(libinit2.o)
    0x08000254   0x00000002   Code   RO         1101    .ARM.Collect$$libshutdown$$00000000  c_w.l(libshutdown.o)
    0x08000256   0x00000000   Code   RO         1115    .ARM.Collect$$libshutdown$$00000002  c_w.l(libshutdown2.o)
    0x08000256   0x00000000   Code   RO         1117    .ARM.Collect$$libshutdown$$00000004  c_w.l(libshutdown2.o)
    0x08000256   0x00000000   Code   RO         1120    .ARM.Collect$$libshutdown$$00000007  c_w.l(libshutdown2.o)
    0x08000256   0x00000000   Code   RO         1123    .ARM.Collect$$libshutdown$$0000000A  c_w.l(libshutdown2.o)
    0x08000256   0x00000000   Code   RO         1125    .ARM.Collect$$libshutdown$$0000000C  c_w.l(libshutdown2.o)
    0x08000256   0x00000000   Code   RO         1128    .ARM.Collect$$libshutdown$$0000000F  c_w.l(libshutdown2.o)
    0x08000256   0x00000002   Code   RO         1129    .ARM.Collect$$libshutdown$$00000010  c_w.l(libshutdown2.o)
    0x08000258   0x00000000   Code   RO          804    .ARM.Collect$$rtentry$$00000000  c_w.l(__rtentry.o)
    0x08000258   0x00000000   Code   RO          913    .ARM.Collect$$rtentry$$00000002  c_w.l(__rtentry2.o)
    0x08000258   0x00000006   Code   RO          925    .ARM.Collect$$rtentry$$00000004  c_w.l(__rtentry4.o)
    0x0800025e   0x00000000   Code   RO          915    .ARM.Collect$$rtentry$$00000009  c_w.l(__rtentry2.o)
    0x0800025e   0x00000004   Code   RO          916    .ARM.Collect$$rtentry$$0000000A  c_w.l(__rtentry2.o)
    0x08000262   0x00000000   Code   RO          918    .ARM.Collect$$rtentry$$0000000C  c_w.l(__rtentry2.o)
    0x08000262   0x00000008   Code   RO          919    .ARM.Collect$$rtentry$$0000000D  c_w.l(__rtentry2.o)
    0x0800026a   0x00000002   Code   RO         1016    .ARM.Collect$$rtexit$$00000000  c_w.l(rtexit.o)
    0x0800026c   0x00000000   Code   RO         1075    .ARM.Collect$$rtexit$$00000002  c_w.l(rtexit2.o)
    0x0800026c   0x00000004   Code   RO         1076    .ARM.Collect$$rtexit$$00000003  c_w.l(rtexit2.o)
    0x08000270   0x00000006   Code   RO         1077    .ARM.Collect$$rtexit$$00000004  c_w.l(rtexit2.o)
    0x08000276   0x00000002   PAD
    0x08000278   0x000004b0   Code   RO            1    .text               main.o
    0x08000728   0x0000001a   Code   RO          163    .text               stm32f10x_it.o
    0x08000742   0x00000002   PAD
    0x08000744   0x000001e0   Code   RO          204    .text               system_stm32f10x.o
    0x08000924   0x0000004c   Code   RO          222    .text               led.o
    0x08000970   0x000000fc   Code   RO          234    .text               key.o
    0x08000a6c   0x00000348   Code   RO          247    .text               timer.o
    0x08000db4   0x00000524   Code   RO          263    .text               oled.o
    0x080012d8   0x0000026c   Code   RO          285    .text               mpuiic.o
    0x08001544   0x0000034c   Code   RO          297    .text               mpu6050.o
    0x08001890   0x0000228c   Code   RO          309    .text               inv_mpu.o
    0x08003b1c   0x00000d70   Code   RO          334    .text               inv_mpu_dmp_motion_driver.o
    0x0800488c   0x000002d8   Code   RO          359    .text               motor.o
    0x08004b64   0x000001e8   Code   RO          462    .text               usart3.o
    0x08004d4c   0x000000d4   Code   RO          504    .text               delay.o
    0x08004e20   0x00000140   Code   RO          535    .text               usart.o
    0x08004f60   0x00000040   Code   RO          571    .text               startup_stm32f10x_hd.o
    0x08004fa0   0x000000dc   Code   RO          575    .text               misc.o
    0x0800507c   0x0000035c   Code   RO          587    .text               stm32f10x_gpio.o
    0x080053d8   0x000003a4   Code   RO          599    .text               stm32f10x_rcc.o
    0x0800577c   0x00000e1a   Code   RO          613    .text               stm32f10x_tim.o
    0x08006596   0x00000002   PAD
    0x08006598   0x00000408   Code   RO          625    .text               stm32f10x_usart.o
    0x080069a0   0x00000254   Code   RO          637    .text               stm32f10x_dma.o
    0x08006bf4   0x00000002   Code   RO          651    .text               c_w.l(use_no_semi_2.o)
    0x08006bf6   0x00000048   Code   RO          653    .text               c_w.l(llsdiv.o)
    0x08006c3e   0x00000002   PAD
    0x08006c40   0x00000024   Code   RO          655    .text               c_w.l(c89vsprintf.o)
    0x08006c64   0x00000018   Code   RO          657    .text               c_w.l(__2printf.o)
    0x08006c7c   0x0000004e   Code   RO          667    .text               c_w.l(_printf_pad.o)
    0x08006cca   0x00000052   Code   RO          669    .text               c_w.l(_printf_str.o)
    0x08006d1c   0x00000078   Code   RO          671    .text               c_w.l(_printf_dec.o)
    0x08006d94   0x00000094   Code   RO          691    .text               c_w.l(_printf_hex_int_ll_ptr.o)
    0x08006e28   0x00000188   Code   RO          711    .text               c_w.l(__printf_flags_ss_wp.o)
    0x08006fb0   0x00000058   Code   RO          720    .text               c_w.l(memcmp.o)
    0x08007008   0x0000003e   Code   RO          722    .text               c_w.l(strlen.o)
    0x08007046   0x00000010   Code   RO          724    .text               c_w.l(aeabi_memset.o)
    0x08007056   0x00000006   Code   RO          726    .text               c_w.l(heapauxi.o)
    0x0800705c   0x00000002   Code   RO          802    .text               c_w.l(use_no_semi.o)
    0x0800705e   0x000000ee   Code   RO          805    .text               c_w.l(lludivv7m.o)
    0x0800714c   0x00000016   Code   RO          807    .text               c_w.l(_rserrno.o)
    0x08007162   0x00000024   Code   RO          809    .text               c_w.l(_printf_truncate.o)
    0x08007186   0x000000b2   Code   RO          811    .text               c_w.l(_printf_intcommon.o)
    0x08007238   0x00000028   Code   RO          813    .text               c_w.l(_printf_charcount.o)
    0x08007260   0x00000030   Code   RO          815    .text               c_w.l(_printf_char_common.o)
    0x08007290   0x0000000a   Code   RO          817    .text               c_w.l(_sputc.o)
    0x0800729a   0x0000002c   Code   RO          819    .text               c_w.l(_printf_char.o)
    0x080072c6   0x00000002   PAD
    0x080072c8   0x00000024   Code   RO          821    .text               c_w.l(_printf_char_file.o)
    0x080072ec   0x000000bc   Code   RO          823    .text               c_w.l(_printf_wctomb.o)
    0x080073a8   0x0000007c   Code   RO          826    .text               c_w.l(_printf_longlong_dec.o)
    0x08007424   0x00000070   Code   RO          832    .text               c_w.l(_printf_oct_int_ll.o)
    0x08007494   0x00000044   Code   RO          854    .text               c_w.l(rt_memclr.o)
    0x080074d8   0x00000008   Code   RO          934    .text               c_w.l(rt_errno_addr_intlibspace.o)
    0x080074e0   0x0000008a   Code   RO          936    .text               c_w.l(lludiv10.o)
    0x0800756a   0x0000041a   Code   RO          938    .text               c_w.l(_printf_fp_dec.o)
    0x08007984   0x0000002c   Code   RO          942    .text               c_w.l(_printf_wchar.o)
    0x080079b0   0x00000008   Code   RO          944    .text               c_w.l(ferror.o)
    0x080079b8   0x00000040   Code   RO          948    .text               c_w.l(_wcrtomb.o)
    0x080079f8   0x0000004e   Code   RO          950    .text               c_w.l(rt_memclr_w.o)
    0x08007a46   0x00000002   PAD
    0x08007a48   0x00000008   Code   RO          958    .text               c_w.l(libspace.o)
    0x08007a50   0x0000004a   Code   RO          961    .text               c_w.l(sys_stackheap_outer.o)
    0x08007a9a   0x00000002   PAD
    0x08007a9c   0x00000010   Code   RO          963    .text               c_w.l(rt_ctype_table.o)
    0x08007aac   0x00000008   Code   RO          970    .text               c_w.l(rt_locale_intlibspace.o)
    0x08007ab4   0x00000080   Code   RO          972    .text               c_w.l(_printf_fp_infnan.o)
    0x08007b34   0x000000dc   Code   RO          974    .text               c_w.l(bigflt0.o)
    0x08007c10   0x00000012   Code   RO         1002    .text               c_w.l(exit.o)
    0x08007c22   0x00000002   PAD
    0x08007c24   0x00000080   Code   RO         1025    .text               c_w.l(strcmpv7m.o)
    0x08007ca4   0x0000003e   Code   RO          977    CL$$btod_d2e        c_w.l(btod.o)
    0x08007ce2   0x00000046   Code   RO          979    CL$$btod_d2e_denorm_low  c_w.l(btod.o)
    0x08007d28   0x00000060   Code   RO          978    CL$$btod_d2e_norm_op1  c_w.l(btod.o)
    0x08007d88   0x00000338   Code   RO          987    CL$$btod_div_common  c_w.l(btod.o)
    0x080080c0   0x000000c6   Code   RO          984    CL$$btod_e2e        c_w.l(btod.o)
    0x08008186   0x00000028   Code   RO          981    CL$$btod_ediv       c_w.l(btod.o)
    0x080081ae   0x00000028   Code   RO          980    CL$$btod_emul       c_w.l(btod.o)
    0x080081d6   0x00000244   Code   RO          986    CL$$btod_mult_common  c_w.l(btod.o)
    0x0800841a   0x00000028   Code   RO          899    i.__ARM_fpclassify  m_ws.l(fpclassify.o)
    0x08008442   0x000000aa   Code   RO          901    i.__kernel_poly     m_ws.l(poly.o)
    0x080084ec   0x00000006   Code   RO          886    i.__mathlib_dbl_infnan  m_ws.l(dunder.o)
    0x080084f2   0x00000004   Code   RO          887    i.__mathlib_dbl_infnan2  m_ws.l(dunder.o)
    0x080084f6   0x0000000c   Code   RO          888    i.__mathlib_dbl_invalid  m_ws.l(dunder.o)
    0x08008502   0x00000002   PAD
    0x08008504   0x00000010   Code   RO          891    i.__mathlib_dbl_underflow  m_ws.l(dunder.o)
    0x08008514   0x0000000e   Code   RO          704    i._is_digit         c_w.l(__printf_wp.o)
    0x08008522   0x00000002   PAD
    0x08008524   0x00000270   Code   RO          785    i.asin              m_ws.l(asin.o)
    0x08008794   0x00000220   Code   RO          876    i.atan              m_ws.l(atan.o)
    0x080089b4   0x00000180   Code   RO          795    i.atan2             m_ws.l(atan2.o)
    0x08008b34   0x0000004c   Code   RO          905    i.sqrt              m_ws.l(sqrt.o)
    0x08008b80   0x0000002c   Code   RO         1000    locale$$code        c_w.l(lc_numeric_c.o)
    0x08008bac   0x0000002c   Code   RO         1019    locale$$code        c_w.l(lc_ctype_c.o)
    0x08008bd8   0x00000062   Code   RO          730    x$fpl$d2f           fz_ws.l(d2f.o)
    0x08008c3a   0x00000002   PAD
    0x08008c3c   0x00000150   Code   RO          732    x$fpl$dadd          fz_ws.l(daddsub_clz.o)
    0x08008d8c   0x00000010   Code   RO          952    x$fpl$dcheck1       fz_ws.l(dcheck1.o)
    0x08008d9c   0x000002b0   Code   RO          857    x$fpl$ddiv          fz_ws.l(ddiv.o)
    0x0800904c   0x0000005e   Code   RO          738    x$fpl$dfix          fz_ws.l(dfix.o)
    0x080090aa   0x0000002e   Code   RO          743    x$fpl$dflt          fz_ws.l(dflt_clz.o)
    0x080090d8   0x00000154   Code   RO          748    x$fpl$dmul          fz_ws.l(dmul.o)
    0x0800922c   0x0000009c   Code   RO          860    x$fpl$dnaninf       fz_ws.l(dnaninf.o)
    0x080092c8   0x0000000c   Code   RO          862    x$fpl$dretinf       fz_ws.l(dretinf.o)
    0x080092d4   0x00000016   Code   RO          733    x$fpl$drsb          fz_ws.l(daddsub_clz.o)
    0x080092ea   0x00000002   PAD
    0x080092ec   0x000001cc   Code   RO          956    x$fpl$dsqrt         fz_ws.l(dsqrt_noumaal.o)
    0x080094b8   0x000001d4   Code   RO          734    x$fpl$dsub          fz_ws.l(daddsub_clz.o)
    0x0800968c   0x00000056   Code   RO          750    x$fpl$f2d           fz_ws.l(f2d.o)
    0x080096e2   0x00000002   PAD
    0x080096e4   0x000000c4   Code   RO          752    x$fpl$fadd          fz_ws.l(faddsub_clz.o)
    0x080097a8   0x00000018   Code   RO          864    x$fpl$fcmpinf       fz_ws.l(fcmpi.o)
    0x080097c0   0x00000184   Code   RO          759    x$fpl$fdiv          fz_ws.l(fdiv.o)
    0x08009944   0x00000068   Code   RO          762    x$fpl$feqf          fz_ws.l(feqf.o)
    0x080099ac   0x00000036   Code   RO          764    x$fpl$ffix          fz_ws.l(ffix.o)
    0x080099e2   0x00000002   PAD
    0x080099e4   0x0000003e   Code   RO          768    x$fpl$ffixu         fz_ws.l(ffixu.o)
    0x08009a22   0x00000002   PAD
    0x08009a24   0x00000030   Code   RO          773    x$fpl$fflt          fz_ws.l(fflt_clz.o)
    0x08009a54   0x00000026   Code   RO          772    x$fpl$ffltu         fz_ws.l(fflt_clz.o)
    0x08009a7a   0x00000002   PAD
    0x08009a7c   0x00000068   Code   RO          778    x$fpl$fleqf         fz_ws.l(fleqf.o)
    0x08009ae4   0x00000102   Code   RO          780    x$fpl$fmul          fz_ws.l(fmul.o)
    0x08009be6   0x0000008c   Code   RO          866    x$fpl$fnaninf       fz_ws.l(fnaninf.o)
    0x08009c72   0x0000000a   Code   RO          868    x$fpl$fretinf       fz_ws.l(fretinf.o)
    0x08009c7c   0x00000062   Code   RO          782    x$fpl$frleqf        fz_ws.l(frleqf.o)
    0x08009cde   0x00000002   PAD
    0x08009ce0   0x000000ea   Code   RO          754    x$fpl$fsub          fz_ws.l(faddsub_clz.o)
    0x08009dca   0x00000004   Code   RO          870    x$fpl$printf1       fz_ws.l(printf1.o)
    0x08009dce   0x00000064   Code   RO         1014    x$fpl$retnan        fz_ws.l(retnan.o)
    0x08009e32   0x0000005c   Code   RO          872    x$fpl$scalbn        fz_ws.l(scalbn.o)
    0x08009e8e   0x00000030   Code   RO         1072    x$fpl$trapveneer    fz_ws.l(trapv.o)
    0x08009ebe   0x00000000   Code   RO          874    x$fpl$usenofp       fz_ws.l(usenofp.o)
    0x08009ebe   0x000017c0   Data   RO          265    .constdata          oled.o
    0x0800b67e   0x00000002   PAD
    0x0800b680   0x00000050   Data   RO          310    .constdata          inv_mpu.o
    0x0800b6d0   0x00000bf6   Data   RO          336    .constdata          inv_mpu_dmp_motion_driver.o
    0x0800c2c6   0x00000028   Data   RO          692    .constdata          c_w.l(_printf_hex_int_ll_ptr.o)
    0x0800c2ee   0x00000011   Data   RO          712    .constdata          c_w.l(__printf_flags_ss_wp.o)
    0x0800c2ff   0x00000001   PAD
    0x0800c300   0x00000050   Data   RO          786    .constdata          m_ws.l(asin.o)
    0x0800c350   0x00000008   Data   RO          824    .constdata          c_w.l(_printf_wctomb.o)
    0x0800c358   0x00000098   Data   RO          877    .constdata          m_ws.l(atan.o)
    0x0800c3f0   0x00000008   Data   RO          903    .constdata          m_ws.l(qnan.o)
    0x0800c3f8   0x00000094   Data   RO          975    .constdata          c_w.l(bigflt0.o)
    0x0800c48c   0x0000004d   Data   RO          311    .conststring        inv_mpu.o
    0x0800c4d9   0x00000003   PAD
    0x0800c4dc   0x00000020   Data   RO         1147    Region$$Table       anon$$obj.o
    0x0800c4fc   0x0000001c   Data   RO          999    locale$$data        c_w.l(lc_numeric_c.o)
    0x0800c518   0x00000110   Data   RO         1018    locale$$data        c_w.l(lc_ctype_c.o)


    Execution Region RW_IRAM1 (Base: 0x20000000, Size: 0x00000f40, Max: 0x00010000, ABSOLUTE)

    Base Addr    Size         Type   Attr      Idx    E Section Name        Object

    0x20000000   0x0000004a   Data   RW            2    .data               main.o
    0x2000004a   0x00000002   PAD
    0x2000004c   0x00000014   Data   RW          205    .data               system_stm32f10x.o
    0x20000060   0x00000001   Data   RW          235    .data               key.o
    0x20000061   0x00000003   PAD
    0x20000064   0x00000035   Data   RW          312    .data               inv_mpu.o
    0x20000099   0x00000003   PAD
    0x2000009c   0x00000024   Data   RW          360    .data               motor.o
    0x200000c0   0x00000002   Data   RW          464    .data               usart3.o
    0x200000c2   0x00000004   Data   RW          505    .data               delay.o
    0x200000c6   0x00000002   PAD
    0x200000c8   0x00000006   Data   RW          537    .data               usart.o
    0x200000ce   0x00000014   Data   RW          600    .data               stm32f10x_rcc.o
    0x200000e2   0x00000002   PAD
    0x200000e4   0x00000400   Zero   RW          264    .bss                oled.o
    0x200004e4   0x00000010   Zero   RW          335    .bss                inv_mpu_dmp_motion_driver.o
    0x200004f4   0x00000004   PAD
    0x200004f8   0x00000320   Zero   RW          463    .bss                usart3.o
    0x20000818   0x000000c8   Zero   RW          536    .bss                usart.o
    0x200008e0   0x00000060   Zero   RW          959    .bss                c_w.l(libspace.o)
    0x20000940   0x00000200   Zero   RW          569    HEAP                startup_stm32f10x_hd.o
    0x20000b40   0x00000400   Zero   RW          568    STACK               startup_stm32f10x_hd.o



  Load Region LR$$.ARM.__AT_0x68000000 (Base: 0x68000000, Size: 0x00000000, Max: 0x000f0000, ABSOLUTE)

    Execution Region ER$$.ARM.__AT_0x68000000 (Base: 0x68000000, Size: 0x000f0000, Max: 0x000f0000, ABSOLUTE, UNINIT)

    Base Addr    Size         Type   Attr      Idx    E Section Name        Object

    0x68000000   0x000f0000   Zero   RW          441    .ARM.__AT_0x68000000  malloc.o



  Load Region LR$$.ARM.__AT_0x680F0000 (Base: 0x680f0000, Size: 0x00000000, Max: 0x0000f000, ABSOLUTE)

    Execution Region ER$$.ARM.__AT_0x680F0000 (Base: 0x680f0000, Size: 0x0000f000, Max: 0x0000f000, ABSOLUTE, UNINIT)

    Base Addr    Size         Type   Attr      Idx    E Section Name        Object

    0x680f0000   0x0000f000   Zero   RW          442    .ARM.__AT_0x680F0000  malloc.o


==============================================================================

Image component sizes


      Code (inc. data)   RO Data    RW Data    ZI Data      Debug   Object Name

       212         18          0          4          0        959   delay.o
      8844        212        157         53          0      23818   inv_mpu.o
      3440        126       3062          0         16      15307   inv_mpu_dmp_motion_driver.o
       252         12          0          1          0        800   key.o
        76          8          0          0          0        455   led.o
      1200        318          0         74          0     265839   main.o
         0          0          0          0    1044480       1485   malloc.o
       220         22          0          0          0       1717   misc.o
       728         82          0         36          0       2136   motor.o
       844         14          0          0          0       4127   mpu6050.o
       620         14          0          0          0       2022   mpuiic.o
      1316         58       6080          0       1024       5039   oled.o
        64         26        304          0       1536        756   startup_stm32f10x_hd.o
       596          8          0          0          0       4282   stm32f10x_dma.o
       860         38          0          0          0       5649   stm32f10x_gpio.o
        26          0          0          0          0       1138   stm32f10x_it.o
       932         36          0         20          0       8788   stm32f10x_rcc.o
      3610         88          0          0          0      22760   stm32f10x_tim.o
      1032         22          0          0          0       8376   stm32f10x_usart.o
         0          0          0          0          0         32   sys.o
       480         38          0         20          0       1611   system_stm32f10x.o
       840         32          0          0          0       2773   timer.o
       320         16          0          6        200       3046   usart.o
       488         28          0          2        800       2990   usart3.o

    ----------------------------------------------------------------------
     27004       1216       9640        228    1048060     385905   Object Totals
         0          0         32          0          0          0   (incl. Generated)
         4          0          5         12          4          0   (incl. Padding)

    ----------------------------------------------------------------------

      Code (inc. data)   RO Data    RW Data    ZI Data      Debug   Library Member Name

        24          4          0          0          0         84   __2printf.o
         8          0          0          0          0         68   __main.o
       392          4         17          0          0         92   __printf_flags_ss_wp.o
        14          0          0          0          0         68   __printf_wp.o
         0          0          0          0          0          0   __rtentry.o
        12          0          0          0          0          0   __rtentry2.o
         6          0          0          0          0          0   __rtentry4.o
        52          8          0          0          0          0   __scatter.o
        26          0          0          0          0          0   __scatter_copy.o
        28          0          0          0          0          0   __scatter_zi.o
         6          0          0          0          0          0   _printf_a.o
         6          0          0          0          0          0   _printf_c.o
        44          0          0          0          0        108   _printf_char.o
        48          6          0          0          0         96   _printf_char_common.o
        36          4          0          0          0         80   _printf_char_file.o
        40          0          0          0          0         68   _printf_charcount.o
         6          0          0          0          0          0   _printf_d.o
       120         16          0          0          0         92   _printf_dec.o
         6          0          0          0          0          0   _printf_e.o
         6          0          0          0          0          0   _printf_f.o
      1050          0          0          0          0        216   _printf_fp_dec.o
       128         16          0          0          0         84   _printf_fp_infnan.o
         6          0          0          0          0          0   _printf_g.o
       148          4         40          0          0        160   _printf_hex_int_ll_ptr.o
         6          0          0          0          0          0   _printf_i.o
       178          0          0          0          0         88   _printf_intcommon.o
        10          0          0          0          0          0   _printf_l.o
         6          0          0          0          0          0   _printf_lc.o
        10          0          0          0          0          0   _printf_ll.o
         6          0          0          0          0          0   _printf_lld.o
         6          0          0          0          0          0   _printf_lli.o
         6          0          0          0          0          0   _printf_llo.o
         6          0          0          0          0          0   _printf_llu.o
         6          0          0          0          0          0   _printf_llx.o
       124         16          0          0          0         92   _printf_longlong_dec.o
         6          0          0          0          0          0   _printf_ls.o
         6          0          0          0          0          0   _printf_n.o
         6          0          0          0          0          0   _printf_o.o
       112          8          0          0          0        124   _printf_oct_int_ll.o
         6          0          0          0          0          0   _printf_p.o
        78          0          0          0          0        108   _printf_pad.o
         0          0          0          0          0          0   _printf_percent.o
         4          0          0          0          0          0   _printf_percent_end.o
         6          0          0          0          0          0   _printf_s.o
        82          0          0          0          0         80   _printf_str.o
        36          0          0          0          0         84   _printf_truncate.o
         6          0          0          0          0          0   _printf_u.o
        44          0          0          0          0        108   _printf_wchar.o
       188          6          8          0          0         92   _printf_wctomb.o
         6          0          0          0          0          0   _printf_x.o
        22          0          0          0          0        100   _rserrno.o
        10          0          0          0          0         68   _sputc.o
        64          0          0          0          0         92   _wcrtomb.o
        16          0          0          0          0         68   aeabi_memset.o
       220          4        148          0          0         96   bigflt0.o
      1910        128          0          0          0        672   btod.o
        36          4          0          0          0         76   c89vsprintf.o
        18          0          0          0          0         80   exit.o
         8          0          0          0          0         68   ferror.o
         6          0          0          0          0        152   heapauxi.o
        44         10        272          0          0         76   lc_ctype_c.o
        44         10         28          0          0         76   lc_numeric_c.o
         2          0          0          0          0          0   libinit.o
        30          0          0          0          0          0   libinit2.o
         2          0          0          0          0          0   libshutdown.o
         2          0          0          0          0          0   libshutdown2.o
         8          4          0          0         96         68   libspace.o
        72          0          0          0          0         76   llsdiv.o
       138          0          0          0          0         80   lludiv10.o
       238          0          0          0          0        100   lludivv7m.o
        88          0          0          0          0         76   memcmp.o
        16          4          0          0          0         76   rt_ctype_table.o
         8          4          0          0          0         68   rt_errno_addr_intlibspace.o
         8          4          0          0          0         68   rt_locale_intlibspace.o
        68          0          0          0          0         68   rt_memclr.o
        78          0          0          0          0         80   rt_memclr_w.o
         2          0          0          0          0          0   rtexit.o
        10          0          0          0          0          0   rtexit2.o
       128          0          0          0          0         68   strcmpv7m.o
        62          0          0          0          0         76   strlen.o
        74          0          0          0          0         80   sys_stackheap_outer.o
         2          0          0          0          0         68   use_no_semi.o
         2          0          0          0          0         68   use_no_semi_2.o
        98          4          0          0          0         92   d2f.o
       826         16          0          0          0        348   daddsub_clz.o
        16          4          0          0          0         68   dcheck1.o
       688        140          0          0          0        208   ddiv.o
        94          4          0          0          0         92   dfix.o
        46          0          0          0          0         68   dflt_clz.o
       340         12          0          0          0        104   dmul.o
       156          4          0          0          0         92   dnaninf.o
        12          0          0          0          0         68   dretinf.o
       460         56          0          0          0        120   dsqrt_noumaal.o
        86          4          0          0          0         84   f2d.o
       430          8          0          0          0        168   faddsub_clz.o
        24          0          0          0          0         68   fcmpi.o
       388         76          0          0          0         96   fdiv.o
       104          4          0          0          0         84   feqf.o
        54          4          0          0          0         84   ffix.o
        62          4          0          0          0         84   ffixu.o
        86          0          0          0          0        136   fflt_clz.o
       104          4          0          0          0         84   fleqf.o
       258          4          0          0          0         84   fmul.o
       140          4          0          0          0         84   fnaninf.o
        10          0          0          0          0         68   fretinf.o
        98          0          0          0          0         68   frleqf.o
         4          0          0          0          0         68   printf1.o
       100          0          0          0          0         68   retnan.o
        92          0          0          0          0         68   scalbn.o
        48          0          0          0          0         68   trapv.o
         0          0          0          0          0          0   usenofp.o
       624         52         80          0          0        168   asin.o
       544         70        152          0          0        124   atan.o
       384         38          0          0          0        144   atan2.o
        38          6          0          0          0        272   dunder.o
        40          0          0          0          0         68   fpclassify.o
       170          0          0          0          0         96   poly.o
         0          0          8          0          0          0   qnan.o
        76          0          0          0          0         84   sqrt.o

    ----------------------------------------------------------------------
     13330        782        754          0         96       8416   Library Totals
        32          0          1          0          0          0   (incl. Padding)

    ----------------------------------------------------------------------

      Code (inc. data)   RO Data    RW Data    ZI Data      Debug   Library Name

      6598        264        513          0         96       4736   c_w.l
      4824        352          0          0          0       2724   fz_ws.l
      1876        166        240          0          0        956   m_ws.l

    ----------------------------------------------------------------------
     13330        782        754          0         96       8416   Library Totals

    ----------------------------------------------------------------------

==============================================================================


      Code (inc. data)   RO Data    RW Data    ZI Data      Debug   

     40334       1998      10394        228    1048156     387817   Grand Totals
     40334       1998      10394        228    1048156     387817   ELF Image Totals
     40334       1998      10394        228          0          0   ROM Totals

==============================================================================

    Total RO  Size (Code + RO Data)                50728 (  49.54kB)
    Total RW  Size (RW Data + ZI Data)           1048384 (1023.81kB)
    Total ROM Size (Code + RO Data + RW Data)      50956 (  49.76kB)

==============================================================================

