<html>
<body>
<pre>
<h1>µVision Build Log</h1>
<h2>Tool Versions:</h2>
IDE-Version: µVision V5.20.0.0
Copyright (C) 2016 ARM Ltd and ARM Germany GmbH. All rights reserved.
License Information: as Administrator, as, LIC=DSNPC-74DPE-166QV-PXJTI-KPD1X-51ZUY
 
Tool Versions:
Toolchain:       MDK-ARM Professional  Version: 5.20
Toolchain Path:  D:\keil\ARM\ARMCC\Bin
C Compiler:      Armcc.exe V5.06 update 2 (build 183)
Assembler:       Armasm.exe V5.06 update 2 (build 183)
Linker/Locator:  ArmLink.exe V5.06 update 2 (build 183)
Library Manager: ArmAr.exe V5.06 update 2 (build 183)
Hex Converter:   FromElf.exe V5.06 update 2 (build 183)
CPU DLL:         SARMCM3.DLL V5.20
Dialog DLL:      DARMSTM.DLL V1.66.0.0
Target DLL:      Segger\JL2CM3.dll V2.99.20.0
Dialog DLL:      TARMSTM.DLL V1.65.0.0
 
<h2>Project:</h2>
F:\¡„ ±ø‚\yp\USER\PWM.uvprojx
Project File Date:  04/09/2018

<h2>Output:</h2>
*** Using Compiler 'V5.06 update 2 (build 183)', folder: 'D:\keil\ARM\ARMCC\Bin'
Build target 'PWM'
compiling main.c...
main.c(27): warning:  #1295-D: Deprecated declaration judge - give arg types
  void judge ();
main.c(44): warning:  #177-D: variable "s" was declared but never referenced
  	u8 s;u8 key;u8 flag=1;	
main.c(44): warning:  #177-D: variable "key" was declared but never referenced
  	u8 s;u8 key;u8 flag=1;	
main.c(168): warning:  #940-D: missing return statement at end of non-void function "balance_car_init"
  }
main.c: 4 warnings, 0 errors
linking...
Program Size: Code=40334 RO-data=10394 RW-data=228 ZI-data=1048156  
FromELF: creating hex file...
"..\OBJ\PWM.axf" - 0 Error(s), 4 Warning(s).

<h2>Collection of Component include folders:</h2>
  F:\¡„ ±ø‚\yp\USER\RTE
  D:\keil\ARM\PACK\Keil\STM32F1xx_DFP\2.1.0\Device\Include

<h2>Collection of Component Files used:</h2>
Build Time Elapsed:  00:00:02
</pre>
</body>
</html>
